---
source: tests/integration/tests/diagnostics_snapshot.rs
expression: render(bundle.as_ref())
---
3 problem(s) found in schema.ruprizzle
    Diagnostic severity: error
diagnostic code: ruprizzle::schema_invalid

Error: unknown type `Strng`
    Diagnostic severity: error

Begin snippet for schema.ruprizzle starting at line 2, column 1

snippet line 2:   id    Uuid   @id
snippet line 3:   email Strng
    label at line 3, columns 9 to 13: not a known scalar, enum, or model
snippet line 4: }
diagnostic help: did you mean `String`?
diagnostic code: ruprizzle::unknown_type
Error: model `Post` has no primary key
    Diagnostic severity: error

Begin snippet for schema.ruprizzle starting at line 5, column 1

snippet line 5: 
snippet line 6: model Post {
    label at line 6, columns 1 to 10: this model needs a primary key
snippet line 7:   title String
diagnostic help: add `@id` to a field, or `@@id([a, b])` for a composite key
diagnostic code: ruprizzle::missing_primary_key
Error: enum `Role` has no variants
    Diagnostic severity: error

Begin snippet for schema.ruprizzle starting at line 9, column 1

snippet line 9: 
snippet line 10: enum Role {
    label at line 10, columns 1 to 9: no variants declared
snippet line 11: }
diagnostic help: an enum needs at least one variant to be usable as a column type
diagnostic code: ruprizzle::empty_enum
