---
source: crates/parser/tests/examples.rs
expression: schema
---
{
  "version": 1,
  "datasource": {
    "name": "db",
    "provider": "sqlite",
    "url": {
      "Env": "DATABASE_URL"
    },
    "extensions": [],
    "span": {
      "start": 206,
      "end": 281
    }
  },
  "generator": {
    "name": "client",
    "output": "src/db",
    "module_name": "db",
    "max_include_depth": 3,
    "span": {
      "start": 285,
      "end": 354
    }
  },
  "enums": {
    "Plan": {
      "name": "Plan",
      "db_name": "plan",
      "variants": {
        "FREE": {
          "name": "FREE",
          "db_name": "FREE",
          "docs": null,
          "span": {
            "start": 392,
            "end": 400
          }
        },
        "PRO": {
          "name": "PRO",
          "db_name": "PRO",
          "docs": null,
          "span": {
            "start": 400,
            "end": 407
          }
        },
        "ENTERPRISE": {
          "name": "ENTERPRISE",
          "db_name": "ENTERPRISE",
          "docs": null,
          "span": {
            "start": 407,
            "end": 419
          }
        }
      },
      "docs": "Billing tier.",
      "span": {
        "start": 358,
        "end": 420
      }
    }
  },
  "models": {
    "Organisation": {
      "name": "Organisation",
      "table": "organisations",
      "fields": {
        "id": {
          "name": "id",
          "column": "id",
          "kind": {
            "Scalar": "Uuid"
          },
          "optional": false,
          "default": {
            "Function": "Uuid7"
          },
          "attrs": {
            "is_id": true,
            "is_unique": false,
            "is_updated_at": false,
            "ignore": false,
            "native_type": null,
            "renamed_from": null
          },
          "generated": null,
          "docs": null,
          "span": {
            "start": 463,
            "end": 507
          }
        },
        "slug": {
          "name": "slug",
          "column": "slug",
          "kind": {
            "Scalar": "String"
          },
          "optional": false,
          "default": null,
          "attrs": {
            "is_id": false,
            "is_unique": true,
            "is_updated_at": false,
            "ignore": false,
            "native_type": null,
            "renamed_from": null
          },
          "generated": null,
          "docs": null,
          "span": {
            "start": 511,
            "end": 545
          }
        },
        "plan": {
          "name": "plan",
          "column": "plan",
          "kind": {
            "Enum": "Plan"
          },
          "optional": false,
          "default": {
            "Literal": {
              "EnumVariant": "FREE"
            }
          },
          "attrs": {
            "is_id": false,
            "is_unique": false,
            "is_updated_at": false,
            "ignore": false,
            "native_type": null,
            "renamed_from": null
          },
          "generated": null,
          "docs": null,
          "span": {
            "start": 545,
            "end": 582
          }
        },
        "settings": {
          "name": "settings",
          "column": "settings",
          "kind": {
            "Scalar": "Json"
          },
          "optional": true,
          "default": null,
          "attrs": {
            "is_id": false,
            "is_unique": false,
            "is_updated_at": false,
            "ignore": false,
            "native_type": null,
            "renamed_from": null
          },
          "generated": null,
          "docs": "Free-form tenant configuration; genuinely schemaless, so `Json` earns it.",
          "span": {
            "start": 586,
            "end": 686
          }
        },
        "members": {
          "name": "members",
          "column": "members",
          "kind": {
            "List": {
              "Relation": {
                "target": "Membership",
                "name": null,
                "fields": [],
                "references": [],
                "on_delete": null,
                "on_update": null,
                "resolved": 0,
                "span": {
                  "start": 686,
                  "end": 712
                }
              }
            }
          },
          "optional": false,
          "default": null,
          "attrs": {
            "is_id": false,
            "is_unique": false,
            "is_updated_at": false,
            "ignore": false,
            "native_type": null,
            "renamed_from": null
          },
          "generated": null,
          "docs": null,
          "span": {
            "start": 686,
            "end": 712
          }
        },
        "createdAt": {
          "name": "createdAt",
          "column": "created_at",
          "kind": {
            "Scalar": "DateTime"
          },
          "optional": false,
          "default": {
            "Function": "Now"
          },
          "attrs": {
            "is_id": false,
            "is_unique": false,
            "is_updated_at": false,
            "ignore": false,
            "native_type": null,
            "renamed_from": null
          },
          "generated": null,
          "docs": null,
          "span": {
            "start": 712,
            "end": 769
          }
        }
      },
      "primary_key": {
        "fields": [
          "id"
        ],
        "name": null,
        "span": {
          "start": 463,
          "end": 507
        }
      },
      "indexes": [],
      "uniques": [],
      "docs": "A tenant.",
      "span": {
        "start": 424,
        "end": 800
      }
    },
    "Account": {
      "name": "Account",
      "table": "accounts",
      "fields": {
        "id": {
          "name": "id",
          "column": "id",
          "kind": {
            "Scalar": "Uuid"
          },
          "optional": false,
          "default": {
            "Function": "Uuid7"
          },
          "attrs": {
            "is_id": true,
            "is_unique": false,
            "is_updated_at": false,
            "ignore": false,
            "native_type": null,
            "renamed_from": null
          },
          "generated": null,
          "docs": null,
          "span": {
            "start": 880,
            "end": 926
          }
        },
        "email": {
          "name": "email",
          "column": "email",
          "kind": {
            "Scalar": "String"
          },
          "optional": false,
          "default": null,
          "attrs": {
            "is_id": false,
            "is_unique": true,
            "is_updated_at": false,
            "ignore": false,
            "native_type": null,
            "renamed_from": null
          },
          "generated": null,
          "docs": null,
          "span": {
            "start": 930,
            "end": 966
          }
        },
        "displayName": {
          "name": "displayName",
          "column": "display_name",
          "kind": {
            "Scalar": "String"
          },
          "optional": true,
          "default": null,
          "attrs": {
            "is_id": false,
            "is_unique": false,
            "is_updated_at": false,
            "ignore": false,
            "native_type": null,
            "renamed_from": null
          },
          "generated": null,
          "docs": null,
          "span": {
            "start": 966,
            "end": 1011
          }
        },
        "memberships": {
          "name": "memberships",
          "column": "memberships",
          "kind": {
            "List": {
              "Relation": {
                "target": "Membership",
                "name": null,
                "fields": [],
                "references": [],
                "on_delete": null,
                "on_update": null,
                "resolved": 1,
                "span": {
                  "start": 1015,
                  "end": 1043
                }
              }
            }
          },
          "optional": false,
          "default": null,
          "attrs": {
            "is_id": false,
            "is_unique": false,
            "is_updated_at": false,
            "ignore": false,
            "native_type": null,
            "renamed_from": null
          },
          "generated": null,
          "docs": null,
          "span": {
            "start": 1015,
            "end": 1043
          }
        },
        "createdAt": {
          "name": "createdAt",
          "column": "created_at",
          "kind": {
            "Scalar": "DateTime"
          },
          "optional": false,
          "default": {
            "Function": "Now"
          },
          "attrs": {
            "is_id": false,
            "is_unique": false,
            "is_updated_at": false,
            "ignore": false,
            "native_type": null,
            "renamed_from": null
          },
          "generated": null,
          "docs": null,
          "span": {
            "start": 1043,
            "end": 1102
          }
        }
      },
      "primary_key": {
        "fields": [
          "id"
        ],
        "name": null,
        "span": {
          "start": 880,
          "end": 926
        }
      },
      "indexes": [],
      "uniques": [],
      "docs": "A person, independent of any tenant they belong to.",
      "span": {
        "start": 804,
        "end": 1105
      }
    },
    "Membership": {
      "name": "Membership",
      "table": "memberships",
      "fields": {
        "id": {
          "name": "id",
          "column": "id",
          "kind": {
            "Scalar": "Uuid"
          },
          "optional": false,
          "default": {
            "Function": "Uuid7"
          },
          "attrs": {
            "is_id": true,
            "is_unique": false,
            "is_updated_at": false,
            "ignore": false,
            "native_type": null,
            "renamed_from": null
          },
          "generated": null,
          "docs": null,
          "span": {
            "start": 1177,
            "end": 1224
          }
        },
        "orgId": {
          "name": "orgId",
          "column": "org_id",
          "kind": {
            "Scalar": "Uuid"
          },
          "optional": false,
          "default": null,
          "attrs": {
            "is_id": false,
            "is_unique": false,
            "is_updated_at": false,
            "ignore": false,
            "native_type": null,
            "renamed_from": null
          },
          "generated": null,
          "docs": null,
          "span": {
            "start": 1228,
            "end": 1268
          }
        },
        "organisation": {
          "name": "organisation",
          "column": "organisation",
          "kind": {
            "Relation": {
              "target": "Organisation",
              "name": null,
              "fields": [
                "orgId"
              ],
              "references": [
                "id"
              ],
              "on_delete": "Cascade",
              "on_update": null,
              "resolved": 0,
              "span": {
                "start": 1298,
                "end": 1361
              }
            }
          },
          "optional": false,
          "default": null,
          "attrs": {
            "is_id": false,
            "is_unique": false,
            "is_updated_at": false,
            "ignore": false,
            "native_type": null,
            "renamed_from": null
          },
          "generated": null,
          "docs": null,
          "span": {
            "start": 1272,
            "end": 1361
          }
        },
        "accountId": {
          "name": "accountId",
          "column": "account_id",
          "kind": {
            "Scalar": "Uuid"
          },
          "optional": false,
          "default": null,
          "attrs": {
            "is_id": false,
            "is_unique": false,
            "is_updated_at": false,
            "ignore": false,
            "native_type": null,
            "renamed_from": null
          },
          "generated": null,
          "docs": null,
          "span": {
            "start": 1365,
            "end": 1409
          }
        },
        "account": {
          "name": "account",
          "column": "account",
          "kind": {
            "Relation": {
              "target": "Account",
              "name": null,
              "fields": [
                "accountId"
              ],
              "references": [
                "id"
              ],
              "on_delete": "Cascade",
              "on_update": null,
              "resolved": 1,
              "span": {
                "start": 1439,
                "end": 1506
              }
            }
          },
          "optional": false,
          "default": null,
          "attrs": {
            "is_id": false,
            "is_unique": false,
            "is_updated_at": false,
            "ignore": false,
            "native_type": null,
            "renamed_from": null
          },
          "generated": null,
          "docs": null,
          "span": {
            "start": 1413,
            "end": 1506
          }
        },
        "isOwner": {
          "name": "isOwner",
          "column": "is_owner",
          "kind": {
            "Scalar": "Boolean"
          },
          "optional": false,
          "default": {
            "Literal": {
              "Bool": false
            }
          },
          "attrs": {
            "is_id": false,
            "is_unique": false,
            "is_updated_at": false,
            "ignore": false,
            "native_type": null,
            "renamed_from": null
          },
          "generated": null,
          "docs": null,
          "span": {
            "start": 1510,
            "end": 1568
          }
        },
        "updatedAt": {
          "name": "updatedAt",
          "column": "updated_at",
          "kind": {
            "Scalar": "DateTime"
          },
          "optional": false,
          "default": null,
          "attrs": {
            "is_id": false,
            "is_unique": false,
            "is_updated_at": true,
            "ignore": false,
            "native_type": null,
            "renamed_from": null
          },
          "generated": null,
          "docs": null,
          "span": {
            "start": 1572,
            "end": 1627
          }
        }
      },
      "primary_key": {
        "fields": [
          "id"
        ],
        "name": null,
        "span": {
          "start": 1177,
          "end": 1224
        }
      },
      "indexes": [
        {
          "db_name": "memberships_account_id_idx",
          "targets": [
            {
              "Field": [
                "accountId",
                "Asc"
              ]
            }
          ],
          "where_clause": null,
          "span": {
            "start": 1665,
            "end": 1685
          }
        }
      ],
      "uniques": [
        {
          "db_name": "memberships_org_id_account_id_key",
          "targets": [
            {
              "Field": [
                "orgId",
                "Asc"
              ]
            },
            {
              "Field": [
                "accountId",
                "Asc"
              ]
            }
          ],
          "span": {
            "start": 1633,
            "end": 1661
          }
        }
      ],
      "docs": "One account's place in one organisation.",
      "span": {
        "start": 1109,
        "end": 1688
      }
    }
  },
  "relations": [
    {
      "name": "MembershipToOrganisation",
      "kind": "ManyToOne",
      "owner": "Membership",
      "owner_cols": [
        "org_id"
      ],
      "owner_field": "organisation",
      "target": "Organisation",
      "target_table": "organisations",
      "target_cols": [
        "id"
      ],
      "target_field": "members",
      "on_delete": "Cascade",
      "on_update": "Cascade",
      "optional": false,
      "constraint_name": "memberships_org_id_fkey",
      "span": {
        "start": 1298,
        "end": 1361
      }
    },
    {
      "name": "MembershipToAccount",
      "kind": "ManyToOne",
      "owner": "Membership",
      "owner_cols": [
        "account_id"
      ],
      "owner_field": "account",
      "target": "Account",
      "target_table": "accounts",
      "target_cols": [
        "id"
      ],
      "target_field": "memberships",
      "on_delete": "Cascade",
      "on_update": "Cascade",
      "optional": false,
      "constraint_name": "memberships_account_id_fkey",
      "span": {
        "start": 1439,
        "end": 1506
      }
    }
  ]
}
