---
source: crates/parser/tests/examples.rs
expression: schema
---
{
  "version": 1,
  "datasource": {
    "name": "db",
    "provider": "postgres",
    "url": {
      "Env": "DATABASE_URL"
    },
    "span": {
      "start": 203,
      "end": 280
    }
  },
  "generator": {
    "name": "client",
    "output": "src/db",
    "module_name": "db",
    "max_include_depth": 3,
    "span": {
      "start": 284,
      "end": 353
    }
  },
  "enums": {
    "Role": {
      "name": "Role",
      "db_name": "role",
      "variants": {
        "USER": {
          "name": "USER",
          "db_name": "USER",
          "docs": "Can read, and write their own posts.",
          "span": {
            "start": 407,
            "end": 459
          }
        },
        "ADMIN": {
          "name": "ADMIN",
          "db_name": "ADMIN",
          "docs": "Can write anything.",
          "span": {
            "start": 459,
            "end": 493
          }
        }
      },
      "docs": "What a user is allowed to do.",
      "span": {
        "start": 357,
        "end": 494
      }
    }
  },
  "models": {
    "User": {
      "name": "User",
      "table": "users",
      "fields": {
        "id": {
          "name": "id",
          "column": "id",
          "kind": {
            "Scalar": "Uuid"
          },
          "optional": false,
          "default": {
            "Function": "Uuid7"
          },
          "attrs": {
            "is_id": true,
            "is_unique": false,
            "is_updated_at": false,
            "ignore": false,
            "native_type": null,
            "renamed_from": null
          },
          "docs": null,
          "span": {
            "start": 541,
            "end": 581
          }
        },
        "email": {
          "name": "email",
          "column": "email",
          "kind": {
            "Scalar": "String"
          },
          "optional": false,
          "default": null,
          "attrs": {
            "is_id": false,
            "is_unique": true,
            "is_updated_at": false,
            "ignore": false,
            "native_type": null,
            "renamed_from": null
          },
          "docs": null,
          "span": {
            "start": 585,
            "end": 615
          }
        },
        "name": {
          "name": "name",
          "column": "name",
          "kind": {
            "Scalar": "String"
          },
          "optional": true,
          "default": null,
          "attrs": {
            "is_id": false,
            "is_unique": false,
            "is_updated_at": false,
            "ignore": false,
            "native_type": null,
            "renamed_from": null
          },
          "docs": null,
          "span": {
            "start": 615,
            "end": 636
          }
        },
        "role": {
          "name": "role",
          "column": "role",
          "kind": {
            "Enum": "Role"
          },
          "optional": false,
          "default": {
            "Literal": {
              "EnumVariant": "USER"
            }
          },
          "attrs": {
            "is_id": false,
            "is_unique": false,
            "is_updated_at": false,
            "ignore": false,
            "native_type": null,
            "renamed_from": null
          },
          "docs": null,
          "span": {
            "start": 636,
            "end": 669
          }
        },
        "posts": {
          "name": "posts",
          "column": "posts",
          "kind": {
            "List": {
              "Relation": {
                "target": "Post",
                "name": null,
                "fields": [],
                "references": [],
                "on_delete": null,
                "on_update": null,
                "resolved": 0,
                "span": {
                  "start": 673,
                  "end": 693
                }
              }
            }
          },
          "optional": false,
          "default": null,
          "attrs": {
            "is_id": false,
            "is_unique": false,
            "is_updated_at": false,
            "ignore": false,
            "native_type": null,
            "renamed_from": null
          },
          "docs": null,
          "span": {
            "start": 673,
            "end": 693
          }
        },
        "createdAt": {
          "name": "createdAt",
          "column": "created_at",
          "kind": {
            "Scalar": "DateTime"
          },
          "optional": false,
          "default": {
            "Function": "Now"
          },
          "attrs": {
            "is_id": false,
            "is_unique": false,
            "is_updated_at": false,
            "ignore": false,
            "native_type": null,
            "renamed_from": null
          },
          "docs": null,
          "span": {
            "start": 693,
            "end": 746
          }
        },
        "updatedAt": {
          "name": "updatedAt",
          "column": "updated_at",
          "kind": {
            "Scalar": "DateTime"
          },
          "optional": false,
          "default": null,
          "attrs": {
            "is_id": false,
            "is_unique": false,
            "is_updated_at": true,
            "ignore": false,
            "native_type": null,
            "renamed_from": null
          },
          "docs": null,
          "span": {
            "start": 750,
            "end": 803
          }
        }
      },
      "primary_key": {
        "fields": [
          "id"
        ],
        "name": null,
        "span": {
          "start": 541,
          "end": 581
        }
      },
      "indexes": [
        {
          "db_name": "users_email_idx",
          "fields": [
            {
              "field": "email",
              "order": "Asc"
            }
          ],
          "span": {
            "start": 809,
            "end": 825
          }
        }
      ],
      "uniques": [],
      "docs": "A registered account.",
      "span": {
        "start": 498,
        "end": 846
      }
    },
    "Post": {
      "name": "Post",
      "table": "posts",
      "fields": {
        "id": {
          "name": "id",
          "column": "id",
          "kind": {
            "Scalar": "Uuid"
          },
          "optional": false,
          "default": {
            "Function": "Uuid7"
          },
          "attrs": {
            "is_id": true,
            "is_unique": false,
            "is_updated_at": false,
            "ignore": false,
            "native_type": null,
            "renamed_from": null
          },
          "docs": null,
          "span": {
            "start": 901,
            "end": 940
          }
        },
        "title": {
          "name": "title",
          "column": "title",
          "kind": {
            "Scalar": "String"
          },
          "optional": false,
          "default": null,
          "attrs": {
            "is_id": false,
            "is_unique": false,
            "is_updated_at": false,
            "ignore": false,
            "native_type": {
              "name": "VarChar",
              "args": [
                "200"
              ],
              "span": {
                "start": 962,
                "end": 978
              }
            },
            "renamed_from": null
          },
          "docs": null,
          "span": {
            "start": 944,
            "end": 978
          }
        },
        "body": {
          "name": "body",
          "column": "body",
          "kind": {
            "Scalar": "String"
          },
          "optional": true,
          "default": null,
          "attrs": {
            "is_id": false,
            "is_unique": false,
            "is_updated_at": false,
            "ignore": false,
            "native_type": null,
            "renamed_from": null
          },
          "docs": null,
          "span": {
            "start": 982,
            "end": 1003
          }
        },
        "published": {
          "name": "published",
          "column": "published",
          "kind": {
            "Scalar": "Boolean"
          },
          "optional": false,
          "default": {
            "Literal": {
              "Bool": false
            }
          },
          "attrs": {
            "is_id": false,
            "is_unique": false,
            "is_updated_at": false,
            "ignore": false,
            "native_type": null,
            "renamed_from": null
          },
          "docs": null,
          "span": {
            "start": 1003,
            "end": 1036
          }
        },
        "authorId": {
          "name": "authorId",
          "column": "author_id",
          "kind": {
            "Scalar": "Uuid"
          },
          "optional": false,
          "default": null,
          "attrs": {
            "is_id": false,
            "is_unique": false,
            "is_updated_at": false,
            "ignore": false,
            "native_type": null,
            "renamed_from": null
          },
          "docs": null,
          "span": {
            "start": 1042,
            "end": 1077
          }
        },
        "author": {
          "name": "author",
          "column": "author",
          "kind": {
            "Relation": {
              "target": "User",
              "name": null,
              "fields": [
                "authorId"
              ],
              "references": [
                "id"
              ],
              "on_delete": "Cascade",
              "on_update": null,
              "resolved": 0,
              "span": {
                "start": 1099,
                "end": 1165
              }
            }
          },
          "optional": false,
          "default": null,
          "attrs": {
            "is_id": false,
            "is_unique": false,
            "is_updated_at": false,
            "ignore": false,
            "native_type": null,
            "renamed_from": null
          },
          "docs": null,
          "span": {
            "start": 1081,
            "end": 1165
          }
        },
        "createdAt": {
          "name": "createdAt",
          "column": "created_at",
          "kind": {
            "Scalar": "DateTime"
          },
          "optional": false,
          "default": {
            "Function": "Now"
          },
          "attrs": {
            "is_id": false,
            "is_unique": false,
            "is_updated_at": false,
            "ignore": false,
            "native_type": null,
            "renamed_from": null
          },
          "docs": null,
          "span": {
            "start": 1171,
            "end": 1224
          }
        }
      },
      "primary_key": {
        "fields": [
          "id"
        ],
        "name": null,
        "span": {
          "start": 901,
          "end": 940
        }
      },
      "indexes": [
        {
          "db_name": "posts_author_id_published_idx",
          "fields": [
            {
              "field": "authorId",
              "order": "Asc"
            },
            {
              "field": "published",
              "order": "Asc"
            }
          ],
          "span": {
            "start": 1230,
            "end": 1260
          }
        }
      ],
      "uniques": [],
      "docs": "An article, published or not.",
      "span": {
        "start": 850,
        "end": 1281
      }
    }
  },
  "relations": [
    {
      "name": "PostToUser",
      "kind": "ManyToOne",
      "owner": "Post",
      "owner_cols": [
        "author_id"
      ],
      "owner_field": "author",
      "target": "User",
      "target_table": "users",
      "target_cols": [
        "id"
      ],
      "target_field": "posts",
      "on_delete": "Cascade",
      "on_update": "Cascade",
      "optional": false,
      "constraint_name": "posts_author_id_fkey",
      "span": {
        "start": 1099,
        "end": 1165
      }
    }
  ]
}
