---
source: crates/parser/tests/invalid.rs
expression: rendered
---
1 problem(s) found in v12_scalar_list_unsupported
    Diagnostic severity: error
diagnostic code: ruprizzle::schema_invalid

Error: scalar list `String[]` is not supported
    Diagnostic severity: error

Begin snippet for v12_scalar_list_unsupported starting at line 7, column 1

snippet line 7:   id   Uuid     @id
snippet line 8:   tags String[]
    label at line 8, columns 8 to 15: scalar lists are planned for 0.2
snippet line 9: }
diagnostic help: v1 supports lists only for relations; store repeated scalars in a related model, or use `Json` if the shape is genuinely free-form
diagnostic code: ruprizzle::scalar_list_unsupported
