---
source: crates/codegen/tests/snapshots.rs
expression: content
---
#![allow(clippy::all, clippy::pedantic, unused_imports)]
use ::ruprizzle::serde::{Deserialize, Serialize};
use ::ruprizzle::sqlx::any::AnyRow;
use ::ruprizzle::types::chrono::{DateTime, NaiveDate, NaiveTime, Utc};
use ::ruprizzle::types::{Decimal, Uuid};
use ::ruprizzle::serde_json::Value as JsonValue;
use ::ruprizzle::Related;
use ::ruprizzle::Column;
///One account's place in one organisation.
#[derive(Debug, Clone, PartialEq, Serialize, Deserialize)]
#[serde(crate = "::ruprizzle::serde")]
pub struct Membership {
    pub id: Uuid,
    pub org_id: Uuid,
    #[serde(skip_serializing_if = "::ruprizzle::Related::is_absent", default)]
    pub organisation: ::ruprizzle::Related<Option<super::organisation::Organisation>>,
    pub account_id: Uuid,
    #[serde(skip_serializing_if = "::ruprizzle::Related::is_absent", default)]
    pub account: ::ruprizzle::Related<Option<super::account::Account>>,
    pub is_owner: bool,
    pub updated_at: DateTime<Utc>,
}
impl<'r> ::ruprizzle::sqlx::FromRow<'r, AnyRow> for Membership {
    fn from_row(row: &'r AnyRow) -> Result<Self, ::ruprizzle::sqlx::Error> {
        Ok(Self {
            id: ::ruprizzle::decode::text_idx(row, 0)?,
            org_id: ::ruprizzle::decode::text_idx(row, 1)?,
            organisation: ::ruprizzle::Related::default(),
            account_id: ::ruprizzle::decode::text_idx(row, 2)?,
            account: ::ruprizzle::Related::default(),
            is_owner: ::ruprizzle::decode::boolean_idx(row, 3)?,
            updated_at: ::ruprizzle::decode::text_idx(row, 4)?,
        })
    }
}
impl<'r> ::ruprizzle::sqlx::FromRow<'r, ::ruprizzle::sqlx::postgres::PgRow>
for Membership {
    fn from_row(
        row: &'r ::ruprizzle::sqlx::postgres::PgRow,
    ) -> Result<Self, ::ruprizzle::sqlx::Error> {
        Ok(Self {
            id: ::ruprizzle::decode::text_idx(row, 0)?,
            org_id: ::ruprizzle::decode::text_idx(row, 1)?,
            organisation: ::ruprizzle::Related::default(),
            account_id: ::ruprizzle::decode::text_idx(row, 2)?,
            account: ::ruprizzle::Related::default(),
            is_owner: ::ruprizzle::decode::boolean_idx(row, 3)?,
            updated_at: ::ruprizzle::decode::text_idx(row, 4)?,
        })
    }
}
impl<'r> ::ruprizzle::sqlx::FromRow<'r, ::ruprizzle::sqlx::sqlite::SqliteRow>
for Membership {
    fn from_row(
        row: &'r ::ruprizzle::sqlx::sqlite::SqliteRow,
    ) -> Result<Self, ::ruprizzle::sqlx::Error> {
        Ok(Self {
            id: ::ruprizzle::decode::text_idx(row, 0)?,
            org_id: ::ruprizzle::decode::text_idx(row, 1)?,
            organisation: ::ruprizzle::Related::default(),
            account_id: ::ruprizzle::decode::text_idx(row, 2)?,
            account: ::ruprizzle::Related::default(),
            is_owner: ::ruprizzle::decode::boolean_idx(row, 3)?,
            updated_at: ::ruprizzle::decode::text_idx(row, 4)?,
        })
    }
}
impl<'r> ::ruprizzle::sqlx::FromRow<'r, ::ruprizzle::sqlx::mysql::MySqlRow>
for Membership {
    fn from_row(
        row: &'r ::ruprizzle::sqlx::mysql::MySqlRow,
    ) -> Result<Self, ::ruprizzle::sqlx::Error> {
        Ok(Self {
            id: ::ruprizzle::decode::text_idx(row, 0)?,
            org_id: ::ruprizzle::decode::text_idx(row, 1)?,
            organisation: ::ruprizzle::Related::default(),
            account_id: ::ruprizzle::decode::text_idx(row, 2)?,
            account: ::ruprizzle::Related::default(),
            is_owner: ::ruprizzle::decode::boolean_idx(row, 3)?,
            updated_at: ::ruprizzle::decode::text_idx(row, 4)?,
        })
    }
}
impl ::ruprizzle::JoinSide<AnyRow> for Membership {
    fn from_offset_row<'r>(
        __offset_row: &::ruprizzle::OffsetRow<'r, AnyRow>,
    ) -> Result<Self, ::ruprizzle::sqlx::Error>
    where
        Self: Sized,
    {
        let row = __offset_row.as_raw();
        let __offset = __offset_row.offset();
        Ok(Self {
            id: ::ruprizzle::decode::text_idx(row, 0 + __offset)?,
            org_id: ::ruprizzle::decode::text_idx(row, 1 + __offset)?,
            organisation: ::ruprizzle::Related::default(),
            account_id: ::ruprizzle::decode::text_idx(row, 2 + __offset)?,
            account: ::ruprizzle::Related::default(),
            is_owner: ::ruprizzle::decode::boolean_idx(row, 3 + __offset)?,
            updated_at: ::ruprizzle::decode::text_idx(row, 4 + __offset)?,
        })
    }
}
impl ::ruprizzle::JoinSide<::ruprizzle::sqlx::postgres::PgRow> for Membership {
    fn from_offset_row<'r>(
        __offset_row: &::ruprizzle::OffsetRow<'r, ::ruprizzle::sqlx::postgres::PgRow>,
    ) -> Result<Self, ::ruprizzle::sqlx::Error>
    where
        Self: Sized,
    {
        let row = __offset_row.as_raw();
        let __offset = __offset_row.offset();
        Ok(Self {
            id: ::ruprizzle::decode::text_idx(row, 0 + __offset)?,
            org_id: ::ruprizzle::decode::text_idx(row, 1 + __offset)?,
            organisation: ::ruprizzle::Related::default(),
            account_id: ::ruprizzle::decode::text_idx(row, 2 + __offset)?,
            account: ::ruprizzle::Related::default(),
            is_owner: ::ruprizzle::decode::boolean_idx(row, 3 + __offset)?,
            updated_at: ::ruprizzle::decode::text_idx(row, 4 + __offset)?,
        })
    }
}
impl ::ruprizzle::JoinSide<::ruprizzle::sqlx::sqlite::SqliteRow> for Membership {
    fn from_offset_row<'r>(
        __offset_row: &::ruprizzle::OffsetRow<'r, ::ruprizzle::sqlx::sqlite::SqliteRow>,
    ) -> Result<Self, ::ruprizzle::sqlx::Error>
    where
        Self: Sized,
    {
        let row = __offset_row.as_raw();
        let __offset = __offset_row.offset();
        Ok(Self {
            id: ::ruprizzle::decode::text_idx(row, 0 + __offset)?,
            org_id: ::ruprizzle::decode::text_idx(row, 1 + __offset)?,
            organisation: ::ruprizzle::Related::default(),
            account_id: ::ruprizzle::decode::text_idx(row, 2 + __offset)?,
            account: ::ruprizzle::Related::default(),
            is_owner: ::ruprizzle::decode::boolean_idx(row, 3 + __offset)?,
            updated_at: ::ruprizzle::decode::text_idx(row, 4 + __offset)?,
        })
    }
}
impl ::ruprizzle::JoinSide<::ruprizzle::sqlx::mysql::MySqlRow> for Membership {
    fn from_offset_row<'r>(
        __offset_row: &::ruprizzle::OffsetRow<'r, ::ruprizzle::sqlx::mysql::MySqlRow>,
    ) -> Result<Self, ::ruprizzle::sqlx::Error>
    where
        Self: Sized,
    {
        let row = __offset_row.as_raw();
        let __offset = __offset_row.offset();
        Ok(Self {
            id: ::ruprizzle::decode::text_idx(row, 0 + __offset)?,
            org_id: ::ruprizzle::decode::text_idx(row, 1 + __offset)?,
            organisation: ::ruprizzle::Related::default(),
            account_id: ::ruprizzle::decode::text_idx(row, 2 + __offset)?,
            account: ::ruprizzle::Related::default(),
            is_owner: ::ruprizzle::decode::boolean_idx(row, 3 + __offset)?,
            updated_at: ::ruprizzle::decode::text_idx(row, 4 + __offset)?,
        })
    }
}
#[cfg(feature = "sqlite-rusqlite")]
impl ::ruprizzle::rusqlite::FromRusqliteRow for Membership {
    fn from_rusqlite_row(
        row: &::ruprizzle::rusqlite::RusqliteRow,
    ) -> Result<Self, ::ruprizzle::Error> {
        Ok(Self {
            id: ::ruprizzle::rusqlite::parse::<Uuid>(row, 0)?,
            org_id: ::ruprizzle::rusqlite::parse::<Uuid>(row, 1)?,
            organisation: ::ruprizzle::Related::default(),
            account_id: ::ruprizzle::rusqlite::parse::<Uuid>(row, 2)?,
            account: ::ruprizzle::Related::default(),
            is_owner: ::ruprizzle::rusqlite::get_bool(row, 3)?,
            updated_at: ::ruprizzle::rusqlite::parse::<DateTime<Utc>>(row, 4)?,
        })
    }
}
#[cfg(feature = "sqlite-rusqlite")]
impl ::ruprizzle::rusqlite::FromOwnedRow for Membership {
    fn from_owned_row(
        row: &::ruprizzle::rusqlite::Row,
    ) -> Result<Self, ::ruprizzle::Error> {
        Ok(Self {
            id: ::ruprizzle::rusqlite::Row::get::<Uuid>(row, 0)?,
            org_id: ::ruprizzle::rusqlite::Row::get::<Uuid>(row, 1)?,
            organisation: ::ruprizzle::Related::default(),
            account_id: ::ruprizzle::rusqlite::Row::get::<Uuid>(row, 2)?,
            account: ::ruprizzle::Related::default(),
            is_owner: ::ruprizzle::rusqlite::Row::get::<bool>(row, 3)?,
            updated_at: ::ruprizzle::rusqlite::Row::get::<DateTime<Utc>>(row, 4)?,
        })
    }
}
#[cfg(feature = "postgres-tokio-postgres")]
impl ::ruprizzle::tokio_postgres::FromTokioPostgresRow for Membership {
    fn from_tokio_postgres_row(
        row: &::ruprizzle::tokio_postgres::Row,
    ) -> Result<Self, ::ruprizzle::Error> {
        Ok(Self {
            id: row
                .try_get::<usize, Uuid>(0)
                .map_err(::ruprizzle::Error::TokioPostgres)?,
            org_id: row
                .try_get::<usize, Uuid>(1)
                .map_err(::ruprizzle::Error::TokioPostgres)?,
            organisation: ::ruprizzle::Related::default(),
            account_id: row
                .try_get::<usize, Uuid>(2)
                .map_err(::ruprizzle::Error::TokioPostgres)?,
            account: ::ruprizzle::Related::default(),
            is_owner: row
                .try_get::<usize, bool>(3)
                .map_err(::ruprizzle::Error::TokioPostgres)?,
            updated_at: row
                .try_get::<usize, DateTime<Utc>>(4)
                .map_err(::ruprizzle::Error::TokioPostgres)?,
        })
    }
}
/// Insert shape: required fields are required, defaulted/optional fields
/// are `Option` so the database can fill them in.
#[derive(Debug, Clone, Serialize, Deserialize)]
#[serde(crate = "::ruprizzle::serde")]
pub struct MembershipInsert {
    #[serde(default, skip_serializing_if = "Option::is_none")]
    pub id: Option<Uuid>,
    pub org_id: Uuid,
    pub account_id: Uuid,
    #[serde(default, skip_serializing_if = "Option::is_none")]
    pub is_owner: Option<bool>,
    #[serde(default, skip_serializing_if = "Option::is_none")]
    pub updated_at: Option<DateTime<Utc>>,
}
/// Update shape: every field is `Option` to support explicit nulls.
#[derive(Debug, Clone, Default, Serialize, Deserialize)]
#[serde(crate = "::ruprizzle::serde")]
pub struct MembershipUpdate {
    #[serde(default, skip_serializing_if = "Option::is_none")]
    pub id: Option<Uuid>,
    #[serde(default, skip_serializing_if = "Option::is_none")]
    pub org_id: Option<Uuid>,
    #[serde(default, skip_serializing_if = "Option::is_none")]
    pub account_id: Option<Uuid>,
    #[serde(default, skip_serializing_if = "Option::is_none")]
    pub is_owner: Option<bool>,
    #[serde(default, skip_serializing_if = "Option::is_none")]
    pub updated_at: Option<DateTime<Utc>>,
}
#[derive(
    Debug,
    Clone,
    Default,
    PartialEq,
    Serialize,
    Deserialize,
    ::ruprizzle::sqlx::FromRow
)]
#[serde(crate = "::ruprizzle::serde", default)]
pub struct MembershipAggregate {
    #[sqlx(default)]
    pub count_id: Option<i64>,
    #[sqlx(default)]
    pub count_distinct_id: Option<i64>,
    #[sqlx(default)]
    pub count_org_id: Option<i64>,
    #[sqlx(default)]
    pub count_distinct_org_id: Option<i64>,
    #[sqlx(default)]
    pub count_account_id: Option<i64>,
    #[sqlx(default)]
    pub count_distinct_account_id: Option<i64>,
    #[sqlx(default)]
    pub count_is_owner: Option<i64>,
    #[sqlx(default)]
    pub count_distinct_is_owner: Option<i64>,
    #[sqlx(default)]
    pub count_updated_at: Option<i64>,
    #[sqlx(default)]
    pub count_distinct_updated_at: Option<i64>,
}
#[derive(Debug, Clone, Default)]
pub struct MembershipAggregateInput {
    pub count_id: Option<::ruprizzle::Aggregate<Membership, i64>>,
    pub count_distinct_id: Option<::ruprizzle::Aggregate<Membership, i64>>,
    pub count_org_id: Option<::ruprizzle::Aggregate<Membership, i64>>,
    pub count_distinct_org_id: Option<::ruprizzle::Aggregate<Membership, i64>>,
    pub count_account_id: Option<::ruprizzle::Aggregate<Membership, i64>>,
    pub count_distinct_account_id: Option<::ruprizzle::Aggregate<Membership, i64>>,
    pub count_is_owner: Option<::ruprizzle::Aggregate<Membership, i64>>,
    pub count_distinct_is_owner: Option<::ruprizzle::Aggregate<Membership, i64>>,
    pub count_updated_at: Option<::ruprizzle::Aggregate<Membership, i64>>,
    pub count_distinct_updated_at: Option<::ruprizzle::Aggregate<Membership, i64>>,
}
impl ::ruprizzle::AggregateSet<Membership, MembershipAggregate>
for MembershipAggregateInput {
    fn push_entries(&self, out: &mut Vec<::ruprizzle::AggregateEntry>) {
        use ::ruprizzle::IntoAggregate;
        if let Some(a) = &self.count_id {
            a.push_entry(out);
        }
        if let Some(a) = &self.count_distinct_id {
            a.push_entry(out);
        }
        if let Some(a) = &self.count_org_id {
            a.push_entry(out);
        }
        if let Some(a) = &self.count_distinct_org_id {
            a.push_entry(out);
        }
        if let Some(a) = &self.count_account_id {
            a.push_entry(out);
        }
        if let Some(a) = &self.count_distinct_account_id {
            a.push_entry(out);
        }
        if let Some(a) = &self.count_is_owner {
            a.push_entry(out);
        }
        if let Some(a) = &self.count_distinct_is_owner {
            a.push_entry(out);
        }
        if let Some(a) = &self.count_updated_at {
            a.push_entry(out);
        }
        if let Some(a) = &self.count_distinct_updated_at {
            a.push_entry(out);
        }
    }
}
#[cfg(feature = "sqlite-rusqlite")]
impl ::ruprizzle::rusqlite::FromRusqliteRow for MembershipAggregate {
    fn from_rusqlite_row(
        row: &::ruprizzle::rusqlite::RusqliteRow,
    ) -> Result<Self, ::ruprizzle::Error> {
        let count_id = match row.get::<_, Option<i64>>("count_id") {
            Ok(v) => v,
            Err(::ruprizzle::rusqlite::Error::InvalidColumnName(_)) => None,
            Err(e) => return Err(::ruprizzle::Error::Message(e.to_string())),
        };
        let count_distinct_id = match row.get::<_, Option<i64>>("count_distinct_id") {
            Ok(v) => v,
            Err(::ruprizzle::rusqlite::Error::InvalidColumnName(_)) => None,
            Err(e) => return Err(::ruprizzle::Error::Message(e.to_string())),
        };
        let count_org_id = match row.get::<_, Option<i64>>("count_org_id") {
            Ok(v) => v,
            Err(::ruprizzle::rusqlite::Error::InvalidColumnName(_)) => None,
            Err(e) => return Err(::ruprizzle::Error::Message(e.to_string())),
        };
        let count_distinct_org_id = match row
            .get::<_, Option<i64>>("count_distinct_org_id")
        {
            Ok(v) => v,
            Err(::ruprizzle::rusqlite::Error::InvalidColumnName(_)) => None,
            Err(e) => return Err(::ruprizzle::Error::Message(e.to_string())),
        };
        let count_account_id = match row.get::<_, Option<i64>>("count_account_id") {
            Ok(v) => v,
            Err(::ruprizzle::rusqlite::Error::InvalidColumnName(_)) => None,
            Err(e) => return Err(::ruprizzle::Error::Message(e.to_string())),
        };
        let count_distinct_account_id = match row
            .get::<_, Option<i64>>("count_distinct_account_id")
        {
            Ok(v) => v,
            Err(::ruprizzle::rusqlite::Error::InvalidColumnName(_)) => None,
            Err(e) => return Err(::ruprizzle::Error::Message(e.to_string())),
        };
        let count_is_owner = match row.get::<_, Option<i64>>("count_is_owner") {
            Ok(v) => v,
            Err(::ruprizzle::rusqlite::Error::InvalidColumnName(_)) => None,
            Err(e) => return Err(::ruprizzle::Error::Message(e.to_string())),
        };
        let count_distinct_is_owner = match row
            .get::<_, Option<i64>>("count_distinct_is_owner")
        {
            Ok(v) => v,
            Err(::ruprizzle::rusqlite::Error::InvalidColumnName(_)) => None,
            Err(e) => return Err(::ruprizzle::Error::Message(e.to_string())),
        };
        let count_updated_at = match row.get::<_, Option<i64>>("count_updated_at") {
            Ok(v) => v,
            Err(::ruprizzle::rusqlite::Error::InvalidColumnName(_)) => None,
            Err(e) => return Err(::ruprizzle::Error::Message(e.to_string())),
        };
        let count_distinct_updated_at = match row
            .get::<_, Option<i64>>("count_distinct_updated_at")
        {
            Ok(v) => v,
            Err(::ruprizzle::rusqlite::Error::InvalidColumnName(_)) => None,
            Err(e) => return Err(::ruprizzle::Error::Message(e.to_string())),
        };
        Ok(Self {
            count_id,
            count_distinct_id,
            count_org_id,
            count_distinct_org_id,
            count_account_id,
            count_distinct_account_id,
            count_is_owner,
            count_distinct_is_owner,
            count_updated_at,
            count_distinct_updated_at,
        })
    }
}
#[cfg(feature = "sqlite-rusqlite")]
impl ::ruprizzle::rusqlite::FromOwnedRow for MembershipAggregate {
    fn from_owned_row(
        row: &::ruprizzle::rusqlite::Row,
    ) -> Result<Self, ::ruprizzle::Error> {
        let count_id = row.get_by_name::<Option<i64>>("count_id")?;
        let count_distinct_id = row.get_by_name::<Option<i64>>("count_distinct_id")?;
        let count_org_id = row.get_by_name::<Option<i64>>("count_org_id")?;
        let count_distinct_org_id = row
            .get_by_name::<Option<i64>>("count_distinct_org_id")?;
        let count_account_id = row.get_by_name::<Option<i64>>("count_account_id")?;
        let count_distinct_account_id = row
            .get_by_name::<Option<i64>>("count_distinct_account_id")?;
        let count_is_owner = row.get_by_name::<Option<i64>>("count_is_owner")?;
        let count_distinct_is_owner = row
            .get_by_name::<Option<i64>>("count_distinct_is_owner")?;
        let count_updated_at = row.get_by_name::<Option<i64>>("count_updated_at")?;
        let count_distinct_updated_at = row
            .get_by_name::<Option<i64>>("count_distinct_updated_at")?;
        Ok(Self {
            count_id,
            count_distinct_id,
            count_org_id,
            count_distinct_org_id,
            count_account_id,
            count_distinct_account_id,
            count_is_owner,
            count_distinct_is_owner,
            count_updated_at,
            count_distinct_updated_at,
        })
    }
}
#[cfg(feature = "postgres-tokio-postgres")]
impl ::ruprizzle::tokio_postgres::FromTokioPostgresRow for MembershipAggregate {
    fn from_tokio_postgres_row(
        row: &::ruprizzle::tokio_postgres::Row,
    ) -> Result<Self, ::ruprizzle::Error> {
        let count_id = match row.columns().iter().position(|c| c.name() == "count_id") {
            Some(idx) => {
                row.try_get::<usize, Option<i64>>(idx)
                    .map_err(::ruprizzle::Error::TokioPostgres)?
            }
            None => None,
        };
        let count_distinct_id = match row
            .columns()
            .iter()
            .position(|c| c.name() == "count_distinct_id")
        {
            Some(idx) => {
                row.try_get::<usize, Option<i64>>(idx)
                    .map_err(::ruprizzle::Error::TokioPostgres)?
            }
            None => None,
        };
        let count_org_id = match row
            .columns()
            .iter()
            .position(|c| c.name() == "count_org_id")
        {
            Some(idx) => {
                row.try_get::<usize, Option<i64>>(idx)
                    .map_err(::ruprizzle::Error::TokioPostgres)?
            }
            None => None,
        };
        let count_distinct_org_id = match row
            .columns()
            .iter()
            .position(|c| c.name() == "count_distinct_org_id")
        {
            Some(idx) => {
                row.try_get::<usize, Option<i64>>(idx)
                    .map_err(::ruprizzle::Error::TokioPostgres)?
            }
            None => None,
        };
        let count_account_id = match row
            .columns()
            .iter()
            .position(|c| c.name() == "count_account_id")
        {
            Some(idx) => {
                row.try_get::<usize, Option<i64>>(idx)
                    .map_err(::ruprizzle::Error::TokioPostgres)?
            }
            None => None,
        };
        let count_distinct_account_id = match row
            .columns()
            .iter()
            .position(|c| c.name() == "count_distinct_account_id")
        {
            Some(idx) => {
                row.try_get::<usize, Option<i64>>(idx)
                    .map_err(::ruprizzle::Error::TokioPostgres)?
            }
            None => None,
        };
        let count_is_owner = match row
            .columns()
            .iter()
            .position(|c| c.name() == "count_is_owner")
        {
            Some(idx) => {
                row.try_get::<usize, Option<i64>>(idx)
                    .map_err(::ruprizzle::Error::TokioPostgres)?
            }
            None => None,
        };
        let count_distinct_is_owner = match row
            .columns()
            .iter()
            .position(|c| c.name() == "count_distinct_is_owner")
        {
            Some(idx) => {
                row.try_get::<usize, Option<i64>>(idx)
                    .map_err(::ruprizzle::Error::TokioPostgres)?
            }
            None => None,
        };
        let count_updated_at = match row
            .columns()
            .iter()
            .position(|c| c.name() == "count_updated_at")
        {
            Some(idx) => {
                row.try_get::<usize, Option<i64>>(idx)
                    .map_err(::ruprizzle::Error::TokioPostgres)?
            }
            None => None,
        };
        let count_distinct_updated_at = match row
            .columns()
            .iter()
            .position(|c| c.name() == "count_distinct_updated_at")
        {
            Some(idx) => {
                row.try_get::<usize, Option<i64>>(idx)
                    .map_err(::ruprizzle::Error::TokioPostgres)?
            }
            None => None,
        };
        Ok(Self {
            count_id,
            count_distinct_id,
            count_org_id,
            count_distinct_org_id,
            count_account_id,
            count_distinct_account_id,
            count_is_owner,
            count_distinct_is_owner,
            count_updated_at,
            count_distinct_updated_at,
        })
    }
}
impl ::ruprizzle::Model for Membership {
    const TABLE: &'static str = "memberships";
    const PRIMARY_KEY: &'static str = "id";
    const COLUMNS: &'static [&'static str] = &[
        "id",
        "org_id",
        "account_id",
        "is_owner",
        "updated_at",
    ];
}
/// Table name for this model.
pub const TABLE: &str = "memberships";
pub const ID: Column<Membership, Uuid> = Column::new("memberships", "id");
pub const ORG_ID: Column<Membership, Uuid> = Column::new("memberships", "org_id");
pub const ACCOUNT_ID: Column<Membership, Uuid> = Column::new(
    "memberships",
    "account_id",
);
pub const IS_OWNER: Column<Membership, bool> = Column::new("memberships", "is_owner");
pub const UPDATED_AT: Column<Membership, DateTime<Utc>> = Column::new(
    "memberships",
    "updated_at",
);
/// Returns an `IncludeOne` for this relation.
pub fn organisation() -> ::ruprizzle::IncludeOne<
    'static,
    Membership,
    super::organisation::Organisation,
    Uuid,
    (),
> {
    ::ruprizzle::IncludeOne::new(
        |__row| __row.org_id,
        |__row, __loaded| __row.organisation = __loaded,
        super::organisation::ID,
        |__child| __child.id,
    )
}
/// Returns an `IncludeOne` for this relation.
pub fn account() -> ::ruprizzle::IncludeOne<
    'static,
    Membership,
    super::account::Account,
    Uuid,
    (),
> {
    ::ruprizzle::IncludeOne::new(
        |__row| __row.account_id,
        |__row, __loaded| __row.account = __loaded,
        super::account::ID,
        |__child| __child.id,
    )
}
/// Returns a filter for parents that have at least one matching child.
pub fn organisation_some(
    f: ::ruprizzle::Filter<super::organisation::Organisation>,
) -> ::ruprizzle::Filter<Membership> {
    ::ruprizzle::Filter::new(::ruprizzle::FilterNode::Exists {
        child_table: "organisations",
        child_col: "id",
        parent_table: "memberships",
        parent_col: "org_id",
        filter: Box::new(f.node),
        negated: false,
    })
}
/// Returns a filter for parents that have no matching child.
pub fn organisation_none(
    f: ::ruprizzle::Filter<super::organisation::Organisation>,
) -> ::ruprizzle::Filter<Membership> {
    ::ruprizzle::Filter::new(::ruprizzle::FilterNode::Exists {
        child_table: "organisations",
        child_col: "id",
        parent_table: "memberships",
        parent_col: "org_id",
        filter: Box::new(f.node),
        negated: true,
    })
}
/// Returns a filter for parents where every matching child satisfies `f`.
/// Vacuously true for parents with no children.
pub fn organisation_every(
    f: ::ruprizzle::Filter<super::organisation::Organisation>,
) -> ::ruprizzle::Filter<Membership> {
    ::ruprizzle::Filter::new(::ruprizzle::FilterNode::Exists {
        child_table: "organisations",
        child_col: "id",
        parent_table: "memberships",
        parent_col: "org_id",
        filter: Box::new((!f).node),
        negated: true,
    })
}
/// Returns a filter for parents that have at least one matching child.
pub fn account_some(
    f: ::ruprizzle::Filter<super::account::Account>,
) -> ::ruprizzle::Filter<Membership> {
    ::ruprizzle::Filter::new(::ruprizzle::FilterNode::Exists {
        child_table: "accounts",
        child_col: "id",
        parent_table: "memberships",
        parent_col: "account_id",
        filter: Box::new(f.node),
        negated: false,
    })
}
/// Returns a filter for parents that have no matching child.
pub fn account_none(
    f: ::ruprizzle::Filter<super::account::Account>,
) -> ::ruprizzle::Filter<Membership> {
    ::ruprizzle::Filter::new(::ruprizzle::FilterNode::Exists {
        child_table: "accounts",
        child_col: "id",
        parent_table: "memberships",
        parent_col: "account_id",
        filter: Box::new(f.node),
        negated: true,
    })
}
/// Returns a filter for parents where every matching child satisfies `f`.
/// Vacuously true for parents with no children.
pub fn account_every(
    f: ::ruprizzle::Filter<super::account::Account>,
) -> ::ruprizzle::Filter<Membership> {
    ::ruprizzle::Filter::new(::ruprizzle::FilterNode::Exists {
        child_table: "accounts",
        child_col: "id",
        parent_table: "memberships",
        parent_col: "account_id",
        filter: Box::new((!f).node),
        negated: true,
    })
}
/// Prisma-flavoured repository for `#model_name`.
#[derive(Debug, Clone, Copy)]
pub struct MembershipRepo<'a> {
    db: &'a super::Db,
}
impl<'a> MembershipRepo<'a> {
    /// Creates a new repository handle.
    pub(crate) fn new(db: &'a super::Db) -> Self {
        Self { db }
    }
    /// Start a `find_many` query.
    pub fn find_many(&self) -> ::ruprizzle::SelectQuery<'a, Membership> {
        ::ruprizzle::SelectQuery::new(self.db.raw_pool())
    }
    /// Start an `insert` query.
    pub fn create(
        &self,
        _data: MembershipInsert,
    ) -> ::ruprizzle::InsertQuery<'a, Membership> {
        let mut insert = ::ruprizzle::InsertQuery::new(self.db.raw_pool());
        insert = insert.set_optional(ID, _data.id);
        insert = insert.set(ORG_ID, _data.org_id);
        insert = insert.set(ACCOUNT_ID, _data.account_id);
        insert = insert.set_optional(IS_OWNER, _data.is_owner);
        insert = insert.set_optional(UPDATED_AT, _data.updated_at);
        insert
    }
    /// Start a multi-row `insert` query.
    pub fn create_many(
        &self,
        _data: Vec<MembershipInsert>,
    ) -> ::ruprizzle::InsertManyQuery<'a, Membership> {
        let mut q = ::ruprizzle::InsertManyQuery::new(self.db.raw_pool());
        for _row in _data {
            q = q
                .row([
                    ("id", ::ruprizzle::Encodable::to_value(&_row.id)),
                    ("org_id", ::ruprizzle::Encodable::to_value(&_row.org_id)),
                    ("account_id", ::ruprizzle::Encodable::to_value(&_row.account_id)),
                    ("is_owner", ::ruprizzle::Encodable::to_value(&_row.is_owner)),
                    ("updated_at", ::ruprizzle::Encodable::to_value(&_row.updated_at)),
                ]);
        }
        q
    }
    /// Start an `update` query.
    pub fn update(&self) -> ::ruprizzle::UpdateQuery<'a, Membership> {
        ::ruprizzle::UpdateQuery::new(self.db.raw_pool())
    }
    /// Start a `delete` query.
    pub fn delete(&self) -> ::ruprizzle::DeleteQuery<'a, Membership> {
        ::ruprizzle::DeleteQuery::new(self.db.raw_pool())
    }
}
