---
source: crates/codegen/tests/snapshots.rs
expression: content
---
#![allow(clippy::all, clippy::pedantic, unused_imports)]
/// Schema hash, used to detect stale generated code.
pub const SCHEMA_HASH: &str = "d8e932e50d206ae2456f7fee742636cdeffafd335b8f365546c8b55c2e706f40";
/// ruprizzle version that generated this code.
pub const RUPRIZZLE_VERSION: &str = "0.4.0-beta.2";
