---
source: crates/codegen/tests/snapshots.rs
assertion_line: 55
expression: content
---
#![allow(clippy::all, clippy::pedantic, unused_imports)]
/// Schema hash, used to detect stale generated code.
pub const SCHEMA_HASH: &str = "04035eff38c295523715feff61a685c6a5917454d5fa6c7757c5a9235eb7695c";
/// ruprizzle version that generated this code.
pub const RUPRIZZLE_VERSION: &str = "1.0.0";
