---
source: crates/codegen/tests/snapshots.rs
assertion_line: 55
expression: content
---
#![allow(clippy::all, clippy::pedantic, unused_imports)]
/// Schema hash, used to detect stale generated code.
pub const SCHEMA_HASH: &str = "5856a02ee542a4bbe332981e02d371331179c280d0b91758e5a23f07ce1d4135";
/// ruprizzle version that generated this code.
pub const RUPRIZZLE_VERSION: &str = "1.0.0";
