---
source: crates/codegen/tests/snapshots.rs
expression: content
---
#![allow(clippy::all, clippy::pedantic, unused_imports)]
/// Schema hash, used to detect stale generated code.
pub const SCHEMA_HASH: &str = "c1a4a112c646f3fcd34f1bec298cec79662e7a53143046d3cf745f50d64fa273";
/// ruprizzle version that generated this code.
pub const RUPRIZZLE_VERSION: &str = "0.1.0-alpha.1";
