---
source: crates/codegen/tests/snapshots.rs
expression: content
---
#![allow(clippy::all, clippy::pedantic, unused_imports)]
/// Schema hash, used to detect stale generated code.
pub const SCHEMA_HASH: &str = "b45fbb49667c7e63d9852c1b7f33e3a785191d61ab6b29e512be24d162dd2792";
/// ruprizzle version that generated this code.
pub const RUPRIZZLE_VERSION: &str = "0.1.0-alpha.1";
