---
source: crates/codegen/tests/snapshots.rs
expression: content
---
#![allow(clippy::all, clippy::pedantic, unused_imports)]
/// Schema hash, used to detect stale generated code.
pub const SCHEMA_HASH: &str = "bf966989a9c7aef061d8c7894f8fd9801d1be49f6b44a0f0afacf8d5fbab1db2";
/// ruprizzle version that generated this code.
pub const RUPRIZZLE_VERSION: &str = "0.4.0-beta.2";
