---
source: crates/codegen/tests/snapshots.rs
expression: content
---
#![allow(clippy::all, clippy::pedantic, unused_imports)]
/// Schema hash, used to detect stale generated code.
pub const SCHEMA_HASH: &str = "d581c473a6c9642227b649a1cc5fe67d3dd1eba2751810fb2a61266403f9cb25";
/// ruprizzle version that generated this code.
pub const RUPRIZZLE_VERSION: &str = "0.4.0-beta.2";
