---
source: crates/codegen/tests/snapshots.rs
expression: content
---
#![allow(clippy::all, clippy::pedantic, unused_imports)]
/// Schema hash, used to detect stale generated code.
pub const SCHEMA_HASH: &str = "18bac6f76d97c9e525c17dada0306ce0733508113d037fea5c4a2fc142133070";
/// ruprizzle version that generated this code.
pub const RUPRIZZLE_VERSION: &str = "1.5.0";
