---
source: crates/codegen/tests/snapshots.rs
expression: content
---
#![allow(clippy::all, clippy::pedantic, unused_imports)]
/// Schema hash, used to detect stale generated code.
pub const SCHEMA_HASH: &str = "321b954240516ac3d6e38fbbacfdc71c380a41b61f3444cb9969126b3e7a6c11";
/// ruprizzle version that generated this code.
pub const RUPRIZZLE_VERSION: &str = "1.5.1";
