---
source: crates/codegen/tests/snapshots.rs
expression: content
---
#![allow(clippy::all, clippy::pedantic, unused_imports)]
use ::ruprizzle::serde::{Deserialize, Serialize};
use ::ruprizzle::sqlx::any::AnyRow;
use ::ruprizzle::types::chrono::{DateTime, NaiveDate, NaiveTime, Utc};
use ::ruprizzle::types::{Decimal, Uuid};
use ::ruprizzle::serde_json::Value as JsonValue;
use ::ruprizzle::Related;
use ::ruprizzle::Column;
#[derive(Debug, Clone, PartialEq, Serialize, Deserialize)]
#[serde(crate = "::ruprizzle::serde")]
pub struct Order {
    pub id: Uuid,
    pub status: super::enums::OrderStatus,
    pub customer_id: Uuid,
    #[serde(skip_serializing_if = "::ruprizzle::Related::is_absent", default)]
    pub customer: ::ruprizzle::Related<Option<super::customer::Customer>>,
    #[serde(skip_serializing_if = "::ruprizzle::Related::is_absent", default)]
    pub items: ::ruprizzle::Related<Vec<super::order_item::OrderItem>>,
    pub placed_at: DateTime<Utc>,
}
impl<'r> ::ruprizzle::sqlx::FromRow<'r, AnyRow> for Order {
    fn from_row(row: &'r AnyRow) -> Result<Self, ::ruprizzle::sqlx::Error> {
        Ok(Self {
            id: ::ruprizzle::decode::text_idx(row, 0)?,
            status: ::ruprizzle::decode::text_idx(row, 1)?,
            customer_id: ::ruprizzle::decode::text_idx(row, 2)?,
            customer: ::ruprizzle::Related::default(),
            items: ::ruprizzle::Related::default(),
            placed_at: ::ruprizzle::decode::text_idx(row, 3)?,
        })
    }
}
impl<'r> ::ruprizzle::sqlx::FromRow<'r, ::ruprizzle::sqlx::postgres::PgRow> for Order {
    fn from_row(
        row: &'r ::ruprizzle::sqlx::postgres::PgRow,
    ) -> Result<Self, ::ruprizzle::sqlx::Error> {
        Ok(Self {
            id: ::ruprizzle::decode::text_idx(row, 0)?,
            status: ::ruprizzle::decode::text_idx(row, 1)?,
            customer_id: ::ruprizzle::decode::text_idx(row, 2)?,
            customer: ::ruprizzle::Related::default(),
            items: ::ruprizzle::Related::default(),
            placed_at: ::ruprizzle::decode::text_idx(row, 3)?,
        })
    }
}
impl<'r> ::ruprizzle::sqlx::FromRow<'r, ::ruprizzle::sqlx::sqlite::SqliteRow> for Order {
    fn from_row(
        row: &'r ::ruprizzle::sqlx::sqlite::SqliteRow,
    ) -> Result<Self, ::ruprizzle::sqlx::Error> {
        Ok(Self {
            id: ::ruprizzle::decode::text_idx(row, 0)?,
            status: ::ruprizzle::decode::text_idx(row, 1)?,
            customer_id: ::ruprizzle::decode::text_idx(row, 2)?,
            customer: ::ruprizzle::Related::default(),
            items: ::ruprizzle::Related::default(),
            placed_at: ::ruprizzle::decode::text_idx(row, 3)?,
        })
    }
}
impl<'r> ::ruprizzle::sqlx::FromRow<'r, ::ruprizzle::sqlx::mysql::MySqlRow> for Order {
    fn from_row(
        row: &'r ::ruprizzle::sqlx::mysql::MySqlRow,
    ) -> Result<Self, ::ruprizzle::sqlx::Error> {
        Ok(Self {
            id: ::ruprizzle::decode::text_idx(row, 0)?,
            status: ::ruprizzle::decode::text_idx(row, 1)?,
            customer_id: ::ruprizzle::decode::text_idx(row, 2)?,
            customer: ::ruprizzle::Related::default(),
            items: ::ruprizzle::Related::default(),
            placed_at: ::ruprizzle::decode::text_idx(row, 3)?,
        })
    }
}
impl ::ruprizzle::JoinSide<AnyRow> for Order {
    fn from_offset_row<'r>(
        __offset_row: &::ruprizzle::OffsetRow<'r, AnyRow>,
    ) -> Result<Self, ::ruprizzle::sqlx::Error>
    where
        Self: Sized,
    {
        let row = __offset_row.as_raw();
        let __offset = __offset_row.offset();
        Ok(Self {
            id: ::ruprizzle::decode::text_idx(row, 0 + __offset)?,
            status: ::ruprizzle::decode::text_idx(row, 1 + __offset)?,
            customer_id: ::ruprizzle::decode::text_idx(row, 2 + __offset)?,
            customer: ::ruprizzle::Related::default(),
            items: ::ruprizzle::Related::default(),
            placed_at: ::ruprizzle::decode::text_idx(row, 3 + __offset)?,
        })
    }
}
impl ::ruprizzle::JoinSide<::ruprizzle::sqlx::postgres::PgRow> for Order {
    fn from_offset_row<'r>(
        __offset_row: &::ruprizzle::OffsetRow<'r, ::ruprizzle::sqlx::postgres::PgRow>,
    ) -> Result<Self, ::ruprizzle::sqlx::Error>
    where
        Self: Sized,
    {
        let row = __offset_row.as_raw();
        let __offset = __offset_row.offset();
        Ok(Self {
            id: ::ruprizzle::decode::text_idx(row, 0 + __offset)?,
            status: ::ruprizzle::decode::text_idx(row, 1 + __offset)?,
            customer_id: ::ruprizzle::decode::text_idx(row, 2 + __offset)?,
            customer: ::ruprizzle::Related::default(),
            items: ::ruprizzle::Related::default(),
            placed_at: ::ruprizzle::decode::text_idx(row, 3 + __offset)?,
        })
    }
}
impl ::ruprizzle::JoinSide<::ruprizzle::sqlx::sqlite::SqliteRow> for Order {
    fn from_offset_row<'r>(
        __offset_row: &::ruprizzle::OffsetRow<'r, ::ruprizzle::sqlx::sqlite::SqliteRow>,
    ) -> Result<Self, ::ruprizzle::sqlx::Error>
    where
        Self: Sized,
    {
        let row = __offset_row.as_raw();
        let __offset = __offset_row.offset();
        Ok(Self {
            id: ::ruprizzle::decode::text_idx(row, 0 + __offset)?,
            status: ::ruprizzle::decode::text_idx(row, 1 + __offset)?,
            customer_id: ::ruprizzle::decode::text_idx(row, 2 + __offset)?,
            customer: ::ruprizzle::Related::default(),
            items: ::ruprizzle::Related::default(),
            placed_at: ::ruprizzle::decode::text_idx(row, 3 + __offset)?,
        })
    }
}
impl ::ruprizzle::JoinSide<::ruprizzle::sqlx::mysql::MySqlRow> for Order {
    fn from_offset_row<'r>(
        __offset_row: &::ruprizzle::OffsetRow<'r, ::ruprizzle::sqlx::mysql::MySqlRow>,
    ) -> Result<Self, ::ruprizzle::sqlx::Error>
    where
        Self: Sized,
    {
        let row = __offset_row.as_raw();
        let __offset = __offset_row.offset();
        Ok(Self {
            id: ::ruprizzle::decode::text_idx(row, 0 + __offset)?,
            status: ::ruprizzle::decode::text_idx(row, 1 + __offset)?,
            customer_id: ::ruprizzle::decode::text_idx(row, 2 + __offset)?,
            customer: ::ruprizzle::Related::default(),
            items: ::ruprizzle::Related::default(),
            placed_at: ::ruprizzle::decode::text_idx(row, 3 + __offset)?,
        })
    }
}
#[cfg(feature = "sqlite-rusqlite")]
impl ::ruprizzle::rusqlite::FromRusqliteRow for Order {
    fn from_rusqlite_row(
        row: &::ruprizzle::rusqlite::RusqliteRow,
    ) -> Result<Self, ::ruprizzle::Error> {
        Ok(Self {
            id: ::ruprizzle::rusqlite::parse::<Uuid>(row, 0)?,
            status: ::ruprizzle::rusqlite::parse::<super::enums::OrderStatus>(row, 1)?,
            customer_id: ::ruprizzle::rusqlite::parse::<Uuid>(row, 2)?,
            customer: ::ruprizzle::Related::default(),
            items: ::ruprizzle::Related::default(),
            placed_at: ::ruprizzle::rusqlite::parse::<DateTime<Utc>>(row, 3)?,
        })
    }
}
#[cfg(feature = "sqlite-rusqlite")]
impl ::ruprizzle::rusqlite::FromOwnedRow for Order {
    fn from_owned_row(
        row: &::ruprizzle::rusqlite::Row,
    ) -> Result<Self, ::ruprizzle::Error> {
        Ok(Self {
            id: ::ruprizzle::rusqlite::Row::get::<Uuid>(row, 0)?,
            status: ::ruprizzle::rusqlite::Row::get::<
                super::enums::OrderStatus,
            >(row, 1)?,
            customer_id: ::ruprizzle::rusqlite::Row::get::<Uuid>(row, 2)?,
            customer: ::ruprizzle::Related::default(),
            items: ::ruprizzle::Related::default(),
            placed_at: ::ruprizzle::rusqlite::Row::get::<DateTime<Utc>>(row, 3)?,
        })
    }
}
#[cfg(feature = "postgres-tokio-postgres")]
impl ::ruprizzle::tokio_postgres::FromTokioPostgresRow for Order {
    fn from_tokio_postgres_row(
        row: &::ruprizzle::tokio_postgres::Row,
    ) -> Result<Self, ::ruprizzle::Error> {
        Ok(Self {
            id: row
                .try_get::<usize, Uuid>(0)
                .map_err(::ruprizzle::Error::TokioPostgres)?,
            status: row
                .try_get::<usize, String>(1)
                .map_err(::ruprizzle::Error::TokioPostgres)?
                .parse::<super::enums::OrderStatus>()
                .map_err(|e| ::ruprizzle::Error::Message(
                    format!("cannot parse enum: {e}"),
                ))?,
            customer_id: row
                .try_get::<usize, Uuid>(2)
                .map_err(::ruprizzle::Error::TokioPostgres)?,
            customer: ::ruprizzle::Related::default(),
            items: ::ruprizzle::Related::default(),
            placed_at: row
                .try_get::<usize, DateTime<Utc>>(3)
                .map_err(::ruprizzle::Error::TokioPostgres)?,
        })
    }
}
/// Insert shape: required fields are required, defaulted/optional fields
/// are `Option` so the database can fill them in.
#[derive(Debug, Clone, Serialize, Deserialize)]
#[serde(crate = "::ruprizzle::serde")]
pub struct OrderInsert {
    #[serde(default, skip_serializing_if = "Option::is_none")]
    pub id: Option<Uuid>,
    #[serde(default, skip_serializing_if = "Option::is_none")]
    pub status: Option<super::enums::OrderStatus>,
    pub customer_id: Uuid,
    #[serde(default, skip_serializing_if = "Option::is_none")]
    pub placed_at: Option<DateTime<Utc>>,
}
/// Update shape: every field is `Option` to support explicit nulls.
#[derive(Debug, Clone, Default, Serialize, Deserialize)]
#[serde(crate = "::ruprizzle::serde")]
pub struct OrderUpdate {
    #[serde(default, skip_serializing_if = "Option::is_none")]
    pub id: Option<Uuid>,
    #[serde(default, skip_serializing_if = "Option::is_none")]
    pub status: Option<super::enums::OrderStatus>,
    #[serde(default, skip_serializing_if = "Option::is_none")]
    pub customer_id: Option<Uuid>,
    #[serde(default, skip_serializing_if = "Option::is_none")]
    pub placed_at: Option<DateTime<Utc>>,
}
#[derive(
    Debug,
    Clone,
    Default,
    PartialEq,
    Serialize,
    Deserialize,
    ::ruprizzle::sqlx::FromRow
)]
#[serde(crate = "::ruprizzle::serde", default)]
pub struct OrderAggregate {
    #[sqlx(default)]
    pub count_id: Option<i64>,
    #[sqlx(default)]
    pub count_distinct_id: Option<i64>,
    #[sqlx(default)]
    pub count_status: Option<i64>,
    #[sqlx(default)]
    pub count_distinct_status: Option<i64>,
    #[sqlx(default)]
    pub count_customer_id: Option<i64>,
    #[sqlx(default)]
    pub count_distinct_customer_id: Option<i64>,
    #[sqlx(default)]
    pub count_placed_at: Option<i64>,
    #[sqlx(default)]
    pub count_distinct_placed_at: Option<i64>,
}
#[derive(Debug, Clone, Default)]
pub struct OrderAggregateInput {
    pub count_id: Option<::ruprizzle::Aggregate<Order, i64>>,
    pub count_distinct_id: Option<::ruprizzle::Aggregate<Order, i64>>,
    pub count_status: Option<::ruprizzle::Aggregate<Order, i64>>,
    pub count_distinct_status: Option<::ruprizzle::Aggregate<Order, i64>>,
    pub count_customer_id: Option<::ruprizzle::Aggregate<Order, i64>>,
    pub count_distinct_customer_id: Option<::ruprizzle::Aggregate<Order, i64>>,
    pub count_placed_at: Option<::ruprizzle::Aggregate<Order, i64>>,
    pub count_distinct_placed_at: Option<::ruprizzle::Aggregate<Order, i64>>,
}
impl ::ruprizzle::AggregateSet<Order, OrderAggregate> for OrderAggregateInput {
    fn push_entries(&self, out: &mut Vec<::ruprizzle::AggregateEntry>) {
        use ::ruprizzle::IntoAggregate;
        if let Some(a) = &self.count_id {
            a.push_entry(out);
        }
        if let Some(a) = &self.count_distinct_id {
            a.push_entry(out);
        }
        if let Some(a) = &self.count_status {
            a.push_entry(out);
        }
        if let Some(a) = &self.count_distinct_status {
            a.push_entry(out);
        }
        if let Some(a) = &self.count_customer_id {
            a.push_entry(out);
        }
        if let Some(a) = &self.count_distinct_customer_id {
            a.push_entry(out);
        }
        if let Some(a) = &self.count_placed_at {
            a.push_entry(out);
        }
        if let Some(a) = &self.count_distinct_placed_at {
            a.push_entry(out);
        }
    }
}
#[cfg(feature = "sqlite-rusqlite")]
impl ::ruprizzle::rusqlite::FromRusqliteRow for OrderAggregate {
    fn from_rusqlite_row(
        row: &::ruprizzle::rusqlite::RusqliteRow,
    ) -> Result<Self, ::ruprizzle::Error> {
        let count_id = match row.get::<_, Option<i64>>("count_id") {
            Ok(v) => v,
            Err(::ruprizzle::rusqlite::Error::InvalidColumnName(_)) => None,
            Err(e) => return Err(::ruprizzle::Error::Message(e.to_string())),
        };
        let count_distinct_id = match row.get::<_, Option<i64>>("count_distinct_id") {
            Ok(v) => v,
            Err(::ruprizzle::rusqlite::Error::InvalidColumnName(_)) => None,
            Err(e) => return Err(::ruprizzle::Error::Message(e.to_string())),
        };
        let count_status = match row.get::<_, Option<i64>>("count_status") {
            Ok(v) => v,
            Err(::ruprizzle::rusqlite::Error::InvalidColumnName(_)) => None,
            Err(e) => return Err(::ruprizzle::Error::Message(e.to_string())),
        };
        let count_distinct_status = match row
            .get::<_, Option<i64>>("count_distinct_status")
        {
            Ok(v) => v,
            Err(::ruprizzle::rusqlite::Error::InvalidColumnName(_)) => None,
            Err(e) => return Err(::ruprizzle::Error::Message(e.to_string())),
        };
        let count_customer_id = match row.get::<_, Option<i64>>("count_customer_id") {
            Ok(v) => v,
            Err(::ruprizzle::rusqlite::Error::InvalidColumnName(_)) => None,
            Err(e) => return Err(::ruprizzle::Error::Message(e.to_string())),
        };
        let count_distinct_customer_id = match row
            .get::<_, Option<i64>>("count_distinct_customer_id")
        {
            Ok(v) => v,
            Err(::ruprizzle::rusqlite::Error::InvalidColumnName(_)) => None,
            Err(e) => return Err(::ruprizzle::Error::Message(e.to_string())),
        };
        let count_placed_at = match row.get::<_, Option<i64>>("count_placed_at") {
            Ok(v) => v,
            Err(::ruprizzle::rusqlite::Error::InvalidColumnName(_)) => None,
            Err(e) => return Err(::ruprizzle::Error::Message(e.to_string())),
        };
        let count_distinct_placed_at = match row
            .get::<_, Option<i64>>("count_distinct_placed_at")
        {
            Ok(v) => v,
            Err(::ruprizzle::rusqlite::Error::InvalidColumnName(_)) => None,
            Err(e) => return Err(::ruprizzle::Error::Message(e.to_string())),
        };
        Ok(Self {
            count_id,
            count_distinct_id,
            count_status,
            count_distinct_status,
            count_customer_id,
            count_distinct_customer_id,
            count_placed_at,
            count_distinct_placed_at,
        })
    }
}
#[cfg(feature = "sqlite-rusqlite")]
impl ::ruprizzle::rusqlite::FromOwnedRow for OrderAggregate {
    fn from_owned_row(
        row: &::ruprizzle::rusqlite::Row,
    ) -> Result<Self, ::ruprizzle::Error> {
        let count_id = row.get_by_name::<Option<i64>>("count_id")?;
        let count_distinct_id = row.get_by_name::<Option<i64>>("count_distinct_id")?;
        let count_status = row.get_by_name::<Option<i64>>("count_status")?;
        let count_distinct_status = row
            .get_by_name::<Option<i64>>("count_distinct_status")?;
        let count_customer_id = row.get_by_name::<Option<i64>>("count_customer_id")?;
        let count_distinct_customer_id = row
            .get_by_name::<Option<i64>>("count_distinct_customer_id")?;
        let count_placed_at = row.get_by_name::<Option<i64>>("count_placed_at")?;
        let count_distinct_placed_at = row
            .get_by_name::<Option<i64>>("count_distinct_placed_at")?;
        Ok(Self {
            count_id,
            count_distinct_id,
            count_status,
            count_distinct_status,
            count_customer_id,
            count_distinct_customer_id,
            count_placed_at,
            count_distinct_placed_at,
        })
    }
}
#[cfg(feature = "postgres-tokio-postgres")]
impl ::ruprizzle::tokio_postgres::FromTokioPostgresRow for OrderAggregate {
    fn from_tokio_postgres_row(
        row: &::ruprizzle::tokio_postgres::Row,
    ) -> Result<Self, ::ruprizzle::Error> {
        let count_id = match row.columns().iter().position(|c| c.name() == "count_id") {
            Some(idx) => {
                row.try_get::<usize, Option<i64>>(idx)
                    .map_err(::ruprizzle::Error::TokioPostgres)?
            }
            None => None,
        };
        let count_distinct_id = match row
            .columns()
            .iter()
            .position(|c| c.name() == "count_distinct_id")
        {
            Some(idx) => {
                row.try_get::<usize, Option<i64>>(idx)
                    .map_err(::ruprizzle::Error::TokioPostgres)?
            }
            None => None,
        };
        let count_status = match row
            .columns()
            .iter()
            .position(|c| c.name() == "count_status")
        {
            Some(idx) => {
                row.try_get::<usize, Option<i64>>(idx)
                    .map_err(::ruprizzle::Error::TokioPostgres)?
            }
            None => None,
        };
        let count_distinct_status = match row
            .columns()
            .iter()
            .position(|c| c.name() == "count_distinct_status")
        {
            Some(idx) => {
                row.try_get::<usize, Option<i64>>(idx)
                    .map_err(::ruprizzle::Error::TokioPostgres)?
            }
            None => None,
        };
        let count_customer_id = match row
            .columns()
            .iter()
            .position(|c| c.name() == "count_customer_id")
        {
            Some(idx) => {
                row.try_get::<usize, Option<i64>>(idx)
                    .map_err(::ruprizzle::Error::TokioPostgres)?
            }
            None => None,
        };
        let count_distinct_customer_id = match row
            .columns()
            .iter()
            .position(|c| c.name() == "count_distinct_customer_id")
        {
            Some(idx) => {
                row.try_get::<usize, Option<i64>>(idx)
                    .map_err(::ruprizzle::Error::TokioPostgres)?
            }
            None => None,
        };
        let count_placed_at = match row
            .columns()
            .iter()
            .position(|c| c.name() == "count_placed_at")
        {
            Some(idx) => {
                row.try_get::<usize, Option<i64>>(idx)
                    .map_err(::ruprizzle::Error::TokioPostgres)?
            }
            None => None,
        };
        let count_distinct_placed_at = match row
            .columns()
            .iter()
            .position(|c| c.name() == "count_distinct_placed_at")
        {
            Some(idx) => {
                row.try_get::<usize, Option<i64>>(idx)
                    .map_err(::ruprizzle::Error::TokioPostgres)?
            }
            None => None,
        };
        Ok(Self {
            count_id,
            count_distinct_id,
            count_status,
            count_distinct_status,
            count_customer_id,
            count_distinct_customer_id,
            count_placed_at,
            count_distinct_placed_at,
        })
    }
}
impl ::ruprizzle::Model for Order {
    const TABLE: &'static str = "orders";
    const PRIMARY_KEY: &'static str = "id";
    const COLUMNS: &'static [&'static str] = &[
        "id",
        "status",
        "customer_id",
        "placed_at",
    ];
    const DELETED_AT_COLUMN: Option<&'static str> = None;
    const UPDATED_AT_COLUMN: Option<&'static str> = None;
}
/// Table name for this model.
pub const TABLE: &str = "orders";
pub const ID: Column<Order, Uuid> = Column::new("orders", "id");
pub const STATUS: Column<Order, super::enums::OrderStatus> = Column::new(
    "orders",
    "status",
);
pub const CUSTOMER_ID: Column<Order, Uuid> = Column::new("orders", "customer_id");
pub const PLACED_AT: Column<Order, DateTime<Utc>> = Column::new("orders", "placed_at");
/// Returns an `IncludeOne` for this relation.
pub fn customer() -> ::ruprizzle::IncludeOne<
    'static,
    Order,
    super::customer::Customer,
    Uuid,
    (),
> {
    ::ruprizzle::IncludeOne::new(
        |__row| __row.customer_id,
        |__row, __loaded| __row.customer = __loaded,
        super::customer::ID,
        |__child| __child.id,
    )
}
/// Returns an `IncludeList` for this relation.
pub fn items() -> ::ruprizzle::IncludeList<
    'static,
    Order,
    super::order_item::OrderItem,
    Uuid,
    (),
> {
    ::ruprizzle::IncludeList::new(
        |__row| __row.id,
        |__row, __loaded| __row.items = __loaded,
        super::order_item::ORDER_ID,
        |__child| __child.order_id,
    )
}
/// Returns a filter for parents that have at least one matching child.
pub fn customer_some(
    f: ::ruprizzle::Filter<super::customer::Customer>,
) -> ::ruprizzle::Filter<Order> {
    ::ruprizzle::Filter::new(::ruprizzle::FilterNode::Exists {
        child_table: "customers",
        child_col: "id",
        parent_table: "orders",
        parent_col: "customer_id",
        filter: Box::new(f.node),
        negated: false,
    })
}
/// Returns a filter for parents that have no matching child.
pub fn customer_none(
    f: ::ruprizzle::Filter<super::customer::Customer>,
) -> ::ruprizzle::Filter<Order> {
    ::ruprizzle::Filter::new(::ruprizzle::FilterNode::Exists {
        child_table: "customers",
        child_col: "id",
        parent_table: "orders",
        parent_col: "customer_id",
        filter: Box::new(f.node),
        negated: true,
    })
}
/// Returns a filter for parents where every matching child satisfies `f`.
/// Vacuously true for parents with no children.
pub fn customer_every(
    f: ::ruprizzle::Filter<super::customer::Customer>,
) -> ::ruprizzle::Filter<Order> {
    ::ruprizzle::Filter::new(::ruprizzle::FilterNode::Exists {
        child_table: "customers",
        child_col: "id",
        parent_table: "orders",
        parent_col: "customer_id",
        filter: Box::new((!f).node),
        negated: true,
    })
}
/// Returns a filter for parents that have at least one matching child.
pub fn items_some(
    f: ::ruprizzle::Filter<super::order_item::OrderItem>,
) -> ::ruprizzle::Filter<Order> {
    ::ruprizzle::Filter::new(::ruprizzle::FilterNode::Exists {
        child_table: "order_items",
        child_col: "order_id",
        parent_table: "orders",
        parent_col: "id",
        filter: Box::new(f.node),
        negated: false,
    })
}
/// Returns a filter for parents that have no matching child.
pub fn items_none(
    f: ::ruprizzle::Filter<super::order_item::OrderItem>,
) -> ::ruprizzle::Filter<Order> {
    ::ruprizzle::Filter::new(::ruprizzle::FilterNode::Exists {
        child_table: "order_items",
        child_col: "order_id",
        parent_table: "orders",
        parent_col: "id",
        filter: Box::new(f.node),
        negated: true,
    })
}
/// Returns a filter for parents where every matching child satisfies `f`.
/// Vacuously true for parents with no children.
pub fn items_every(
    f: ::ruprizzle::Filter<super::order_item::OrderItem>,
) -> ::ruprizzle::Filter<Order> {
    ::ruprizzle::Filter::new(::ruprizzle::FilterNode::Exists {
        child_table: "order_items",
        child_col: "order_id",
        parent_table: "orders",
        parent_col: "id",
        filter: Box::new((!f).node),
        negated: true,
    })
}
/// Prisma-flavoured repository for `#model_name`.
#[derive(Debug, Clone, Copy)]
pub struct OrderRepo<'a> {
    db: &'a super::Db,
}
impl<'a> OrderRepo<'a> {
    /// Creates a new repository handle.
    pub(crate) fn new(db: &'a super::Db) -> Self {
        Self { db }
    }
    /// Start a `find_many` query.
    pub fn find_many(&self) -> ::ruprizzle::SelectQuery<'a, Order> {
        ::ruprizzle::SelectQuery::new(self.db.raw_pool())
    }
    /// Start an `insert` query.
    pub fn create(&self, _data: OrderInsert) -> ::ruprizzle::InsertQuery<'a, Order> {
        let mut insert = ::ruprizzle::InsertQuery::new(self.db.raw_pool());
        insert = insert.set_optional(ID, _data.id);
        insert = insert.set_optional(STATUS, _data.status);
        insert = insert.set(CUSTOMER_ID, _data.customer_id);
        insert = insert.set_optional(PLACED_AT, _data.placed_at);
        insert
    }
    /// Start a multi-row `insert` query.
    pub fn create_many(
        &self,
        _data: Vec<OrderInsert>,
    ) -> ::ruprizzle::InsertManyQuery<'a, Order> {
        let mut q = ::ruprizzle::InsertManyQuery::new(self.db.raw_pool());
        for _row in _data {
            q = q
                .row([
                    ("id", ::ruprizzle::Encodable::to_value(&_row.id)),
                    ("status", ::ruprizzle::Encodable::to_value(&_row.status)),
                    ("customer_id", ::ruprizzle::Encodable::to_value(&_row.customer_id)),
                    ("placed_at", ::ruprizzle::Encodable::to_value(&_row.placed_at)),
                ]);
        }
        q
    }
    /// Start an `update` query.
    pub fn update(&self) -> ::ruprizzle::UpdateQuery<'a, Order> {
        ::ruprizzle::UpdateQuery::new(self.db.raw_pool())
    }
    /// Start a `delete` query.
    pub fn delete(&self) -> ::ruprizzle::DeleteQuery<'a, Order> {
        ::ruprizzle::DeleteQuery::new(self.db.raw_pool())
    }
}
