---
source: crates/codegen/tests/snapshots.rs
expression: content
---
#![allow(clippy::all, clippy::pedantic, unused_imports)]
/// Schema hash, used to detect stale generated code.
pub const SCHEMA_HASH: &str = "1a1c8d178dab355f45ece6e101070fc031c6770b08c4e96403d28f794d880dea";
/// ruprizzle version that generated this code.
pub const RUPRIZZLE_VERSION: &str = "1.0.0";
