---
source: crates/codegen/tests/snapshots.rs
expression: content
---
#![allow(clippy::all, clippy::pedantic, unused_imports)]
use ::ruprizzle::serde::{Deserialize, Serialize};
use ::ruprizzle::sqlx::any::AnyRow;
use ::ruprizzle::types::chrono::{DateTime, NaiveDate, NaiveTime, Utc};
use ::ruprizzle::types::{Decimal, Uuid};
use ::ruprizzle::serde_json::Value as JsonValue;
use ::ruprizzle::Related;
use ::ruprizzle::Column;
///One line of an order.
#[derive(Debug, Clone, PartialEq, Serialize, Deserialize)]
#[serde(crate = "::ruprizzle::serde")]
pub struct OrderItem {
    pub order_id: Uuid,
    #[serde(skip_serializing_if = "::ruprizzle::Related::is_absent", default)]
    pub order: ::ruprizzle::Related<Option<super::order::Order>>,
    pub product_id: Uuid,
    #[serde(skip_serializing_if = "::ruprizzle::Related::is_absent", default)]
    pub product: ::ruprizzle::Related<Option<super::product::Product>>,
    pub quantity: i32,
    ///Copied at purchase time: the product price may change afterwards.
    pub unit_price: Decimal,
}
impl<'r> ::ruprizzle::sqlx::FromRow<'r, AnyRow> for OrderItem {
    fn from_row(row: &'r AnyRow) -> Result<Self, ::ruprizzle::sqlx::Error> {
        Ok(Self {
            order_id: ::ruprizzle::decode::text_idx(row, 0)?,
            order: ::ruprizzle::Related::default(),
            product_id: ::ruprizzle::decode::text_idx(row, 1)?,
            product: ::ruprizzle::Related::default(),
            quantity: ::ruprizzle::decode::direct_idx(row, 2)?,
            unit_price: ::ruprizzle::decode::text_idx(row, 3)?,
        })
    }
}
impl<'r> ::ruprizzle::sqlx::FromRow<'r, ::ruprizzle::sqlx::postgres::PgRow>
for OrderItem {
    fn from_row(
        row: &'r ::ruprizzle::sqlx::postgres::PgRow,
    ) -> Result<Self, ::ruprizzle::sqlx::Error> {
        Ok(Self {
            order_id: ::ruprizzle::decode::text_idx(row, 0)?,
            order: ::ruprizzle::Related::default(),
            product_id: ::ruprizzle::decode::text_idx(row, 1)?,
            product: ::ruprizzle::Related::default(),
            quantity: ::ruprizzle::decode::direct_idx(row, 2)?,
            unit_price: ::ruprizzle::decode::text_idx(row, 3)?,
        })
    }
}
impl<'r> ::ruprizzle::sqlx::FromRow<'r, ::ruprizzle::sqlx::sqlite::SqliteRow>
for OrderItem {
    fn from_row(
        row: &'r ::ruprizzle::sqlx::sqlite::SqliteRow,
    ) -> Result<Self, ::ruprizzle::sqlx::Error> {
        Ok(Self {
            order_id: ::ruprizzle::decode::text_idx(row, 0)?,
            order: ::ruprizzle::Related::default(),
            product_id: ::ruprizzle::decode::text_idx(row, 1)?,
            product: ::ruprizzle::Related::default(),
            quantity: ::ruprizzle::decode::direct_idx(row, 2)?,
            unit_price: ::ruprizzle::decode::text_idx(row, 3)?,
        })
    }
}
impl<'r> ::ruprizzle::sqlx::FromRow<'r, ::ruprizzle::sqlx::mysql::MySqlRow>
for OrderItem {
    fn from_row(
        row: &'r ::ruprizzle::sqlx::mysql::MySqlRow,
    ) -> Result<Self, ::ruprizzle::sqlx::Error> {
        Ok(Self {
            order_id: ::ruprizzle::decode::text_idx(row, 0)?,
            order: ::ruprizzle::Related::default(),
            product_id: ::ruprizzle::decode::text_idx(row, 1)?,
            product: ::ruprizzle::Related::default(),
            quantity: ::ruprizzle::decode::direct_idx(row, 2)?,
            unit_price: ::ruprizzle::decode::text_idx(row, 3)?,
        })
    }
}
#[cfg(feature = "sqlite-rusqlite")]
impl ::ruprizzle::rusqlite::FromRusqliteRow for OrderItem {
    fn from_rusqlite_row(
        row: &::ruprizzle::rusqlite::RusqliteRow,
    ) -> Result<Self, ::ruprizzle::Error> {
        Ok(Self {
            order_id: ::ruprizzle::rusqlite::parse::<Uuid>(row, 0)?,
            order: ::ruprizzle::Related::default(),
            product_id: ::ruprizzle::rusqlite::parse::<Uuid>(row, 1)?,
            product: ::ruprizzle::Related::default(),
            quantity: ::ruprizzle::rusqlite::get_i64(row, 2)?
                .try_into()
                .map_err(|e: std::num::TryFromIntError| {
                    ::ruprizzle::Error::Message(
                        format!("cannot decode i32 from column {}: {}", 2, e),
                    )
                })?,
            unit_price: ::ruprizzle::rusqlite::parse::<Decimal>(row, 3)?,
        })
    }
}
#[cfg(feature = "sqlite-rusqlite")]
impl ::ruprizzle::rusqlite::FromOwnedRow for OrderItem {
    fn from_owned_row(
        row: &::ruprizzle::rusqlite::Row,
    ) -> Result<Self, ::ruprizzle::Error> {
        Ok(Self {
            order_id: ::ruprizzle::rusqlite::Row::get::<Uuid>(row, 0)?,
            order: ::ruprizzle::Related::default(),
            product_id: ::ruprizzle::rusqlite::Row::get::<Uuid>(row, 1)?,
            product: ::ruprizzle::Related::default(),
            quantity: ::ruprizzle::rusqlite::Row::get::<i32>(row, 2)?,
            unit_price: ::ruprizzle::rusqlite::Row::get::<Decimal>(row, 3)?,
        })
    }
}
#[cfg(feature = "postgres-tokio-postgres")]
impl ::ruprizzle::tokio_postgres::FromTokioPostgresRow for OrderItem {
    fn from_tokio_postgres_row(
        row: &::ruprizzle::tokio_postgres::Row,
    ) -> Result<Self, ::ruprizzle::Error> {
        Ok(Self {
            order_id: row
                .try_get::<usize, Uuid>(0)
                .map_err(::ruprizzle::Error::TokioPostgres)?,
            order: ::ruprizzle::Related::default(),
            product_id: row
                .try_get::<usize, Uuid>(1)
                .map_err(::ruprizzle::Error::TokioPostgres)?,
            product: ::ruprizzle::Related::default(),
            quantity: row
                .try_get::<usize, i32>(2)
                .map_err(::ruprizzle::Error::TokioPostgres)?,
            unit_price: row
                .try_get::<usize, Decimal>(3)
                .map_err(::ruprizzle::Error::TokioPostgres)?,
        })
    }
}
/// Insert shape: required fields are required, defaulted/optional fields
/// are `Option` so the database can fill them in.
#[derive(Debug, Clone, Serialize, Deserialize)]
#[serde(crate = "::ruprizzle::serde")]
pub struct OrderItemInsert {
    pub order_id: Uuid,
    pub product_id: Uuid,
    #[serde(default, skip_serializing_if = "Option::is_none")]
    pub quantity: Option<i32>,
    pub unit_price: Decimal,
}
/// Update shape: every field is `Option` to support explicit nulls.
#[derive(Debug, Clone, Default, Serialize, Deserialize)]
#[serde(crate = "::ruprizzle::serde")]
pub struct OrderItemUpdate {
    #[serde(default, skip_serializing_if = "Option::is_none")]
    pub order_id: Option<Uuid>,
    #[serde(default, skip_serializing_if = "Option::is_none")]
    pub product_id: Option<Uuid>,
    #[serde(default, skip_serializing_if = "Option::is_none")]
    pub quantity: Option<i32>,
    #[serde(default, skip_serializing_if = "Option::is_none")]
    pub unit_price: Option<Decimal>,
}
#[derive(
    Debug,
    Clone,
    Default,
    PartialEq,
    Serialize,
    Deserialize,
    ::ruprizzle::sqlx::FromRow
)]
#[serde(crate = "::ruprizzle::serde", default)]
pub struct OrderItemAggregate {
    #[sqlx(default)]
    pub count_order_id: Option<i64>,
    #[sqlx(default)]
    pub count_distinct_order_id: Option<i64>,
    #[sqlx(default)]
    pub count_product_id: Option<i64>,
    #[sqlx(default)]
    pub count_distinct_product_id: Option<i64>,
    #[sqlx(default)]
    pub count_quantity: Option<i64>,
    #[sqlx(default)]
    pub count_distinct_quantity: Option<i64>,
    #[sqlx(default)]
    pub sum_quantity: Option<i64>,
    #[sqlx(default)]
    pub avg_quantity: Option<f64>,
    #[sqlx(default)]
    pub min_quantity: Option<i32>,
    #[sqlx(default)]
    pub max_quantity: Option<i32>,
    #[sqlx(default)]
    pub count_unit_price: Option<i64>,
    #[sqlx(default)]
    pub count_distinct_unit_price: Option<i64>,
}
#[derive(Debug, Clone, Default)]
pub struct OrderItemAggregateInput {
    pub count_order_id: Option<::ruprizzle::Aggregate<OrderItem, i64>>,
    pub count_distinct_order_id: Option<::ruprizzle::Aggregate<OrderItem, i64>>,
    pub count_product_id: Option<::ruprizzle::Aggregate<OrderItem, i64>>,
    pub count_distinct_product_id: Option<::ruprizzle::Aggregate<OrderItem, i64>>,
    pub count_quantity: Option<::ruprizzle::Aggregate<OrderItem, i64>>,
    pub count_distinct_quantity: Option<::ruprizzle::Aggregate<OrderItem, i64>>,
    pub sum_quantity: Option<::ruprizzle::Aggregate<OrderItem, Option<i64>>>,
    pub avg_quantity: Option<::ruprizzle::Aggregate<OrderItem, Option<f64>>>,
    pub min_quantity: Option<::ruprizzle::Aggregate<OrderItem, Option<i32>>>,
    pub max_quantity: Option<::ruprizzle::Aggregate<OrderItem, Option<i32>>>,
    pub count_unit_price: Option<::ruprizzle::Aggregate<OrderItem, i64>>,
    pub count_distinct_unit_price: Option<::ruprizzle::Aggregate<OrderItem, i64>>,
}
impl ::ruprizzle::AggregateSet<OrderItem, OrderItemAggregate>
for OrderItemAggregateInput {
    fn push_entries(&self, out: &mut Vec<::ruprizzle::AggregateEntry>) {
        use ::ruprizzle::IntoAggregate;
        if let Some(a) = &self.count_order_id {
            a.push_entry(out);
        }
        if let Some(a) = &self.count_distinct_order_id {
            a.push_entry(out);
        }
        if let Some(a) = &self.count_product_id {
            a.push_entry(out);
        }
        if let Some(a) = &self.count_distinct_product_id {
            a.push_entry(out);
        }
        if let Some(a) = &self.count_quantity {
            a.push_entry(out);
        }
        if let Some(a) = &self.count_distinct_quantity {
            a.push_entry(out);
        }
        if let Some(a) = &self.sum_quantity {
            a.push_entry(out);
        }
        if let Some(a) = &self.avg_quantity {
            a.push_entry(out);
        }
        if let Some(a) = &self.min_quantity {
            a.push_entry(out);
        }
        if let Some(a) = &self.max_quantity {
            a.push_entry(out);
        }
        if let Some(a) = &self.count_unit_price {
            a.push_entry(out);
        }
        if let Some(a) = &self.count_distinct_unit_price {
            a.push_entry(out);
        }
    }
}
#[cfg(feature = "sqlite-rusqlite")]
impl ::ruprizzle::rusqlite::FromRusqliteRow for OrderItemAggregate {
    fn from_rusqlite_row(
        row: &::ruprizzle::rusqlite::RusqliteRow,
    ) -> Result<Self, ::ruprizzle::Error> {
        let count_order_id = match row.get::<_, Option<i64>>("count_order_id") {
            Ok(v) => v,
            Err(::ruprizzle::rusqlite::Error::InvalidColumnName(_)) => None,
            Err(e) => return Err(::ruprizzle::Error::Message(e.to_string())),
        };
        let count_distinct_order_id = match row
            .get::<_, Option<i64>>("count_distinct_order_id")
        {
            Ok(v) => v,
            Err(::ruprizzle::rusqlite::Error::InvalidColumnName(_)) => None,
            Err(e) => return Err(::ruprizzle::Error::Message(e.to_string())),
        };
        let count_product_id = match row.get::<_, Option<i64>>("count_product_id") {
            Ok(v) => v,
            Err(::ruprizzle::rusqlite::Error::InvalidColumnName(_)) => None,
            Err(e) => return Err(::ruprizzle::Error::Message(e.to_string())),
        };
        let count_distinct_product_id = match row
            .get::<_, Option<i64>>("count_distinct_product_id")
        {
            Ok(v) => v,
            Err(::ruprizzle::rusqlite::Error::InvalidColumnName(_)) => None,
            Err(e) => return Err(::ruprizzle::Error::Message(e.to_string())),
        };
        let count_quantity = match row.get::<_, Option<i64>>("count_quantity") {
            Ok(v) => v,
            Err(::ruprizzle::rusqlite::Error::InvalidColumnName(_)) => None,
            Err(e) => return Err(::ruprizzle::Error::Message(e.to_string())),
        };
        let count_distinct_quantity = match row
            .get::<_, Option<i64>>("count_distinct_quantity")
        {
            Ok(v) => v,
            Err(::ruprizzle::rusqlite::Error::InvalidColumnName(_)) => None,
            Err(e) => return Err(::ruprizzle::Error::Message(e.to_string())),
        };
        let sum_quantity = match row.get::<_, Option<i64>>("sum_quantity") {
            Ok(v) => v,
            Err(::ruprizzle::rusqlite::Error::InvalidColumnName(_)) => None,
            Err(e) => return Err(::ruprizzle::Error::Message(e.to_string())),
        };
        let avg_quantity = match row.get::<_, Option<f64>>("avg_quantity") {
            Ok(v) => v,
            Err(::ruprizzle::rusqlite::Error::InvalidColumnName(_)) => None,
            Err(e) => return Err(::ruprizzle::Error::Message(e.to_string())),
        };
        let min_quantity = match row.get::<_, Option<i32>>("min_quantity") {
            Ok(v) => v,
            Err(::ruprizzle::rusqlite::Error::InvalidColumnName(_)) => None,
            Err(e) => return Err(::ruprizzle::Error::Message(e.to_string())),
        };
        let max_quantity = match row.get::<_, Option<i32>>("max_quantity") {
            Ok(v) => v,
            Err(::ruprizzle::rusqlite::Error::InvalidColumnName(_)) => None,
            Err(e) => return Err(::ruprizzle::Error::Message(e.to_string())),
        };
        let count_unit_price = match row.get::<_, Option<i64>>("count_unit_price") {
            Ok(v) => v,
            Err(::ruprizzle::rusqlite::Error::InvalidColumnName(_)) => None,
            Err(e) => return Err(::ruprizzle::Error::Message(e.to_string())),
        };
        let count_distinct_unit_price = match row
            .get::<_, Option<i64>>("count_distinct_unit_price")
        {
            Ok(v) => v,
            Err(::ruprizzle::rusqlite::Error::InvalidColumnName(_)) => None,
            Err(e) => return Err(::ruprizzle::Error::Message(e.to_string())),
        };
        Ok(Self {
            count_order_id,
            count_distinct_order_id,
            count_product_id,
            count_distinct_product_id,
            count_quantity,
            count_distinct_quantity,
            sum_quantity,
            avg_quantity,
            min_quantity,
            max_quantity,
            count_unit_price,
            count_distinct_unit_price,
        })
    }
}
#[cfg(feature = "sqlite-rusqlite")]
impl ::ruprizzle::rusqlite::FromOwnedRow for OrderItemAggregate {
    fn from_owned_row(
        row: &::ruprizzle::rusqlite::Row,
    ) -> Result<Self, ::ruprizzle::Error> {
        let count_order_id = row.get_by_name::<Option<i64>>("count_order_id")?;
        let count_distinct_order_id = row
            .get_by_name::<Option<i64>>("count_distinct_order_id")?;
        let count_product_id = row.get_by_name::<Option<i64>>("count_product_id")?;
        let count_distinct_product_id = row
            .get_by_name::<Option<i64>>("count_distinct_product_id")?;
        let count_quantity = row.get_by_name::<Option<i64>>("count_quantity")?;
        let count_distinct_quantity = row
            .get_by_name::<Option<i64>>("count_distinct_quantity")?;
        let sum_quantity = row.get_by_name::<Option<i64>>("sum_quantity")?;
        let avg_quantity = row.get_by_name::<Option<f64>>("avg_quantity")?;
        let min_quantity = row.get_by_name::<Option<i32>>("min_quantity")?;
        let max_quantity = row.get_by_name::<Option<i32>>("max_quantity")?;
        let count_unit_price = row.get_by_name::<Option<i64>>("count_unit_price")?;
        let count_distinct_unit_price = row
            .get_by_name::<Option<i64>>("count_distinct_unit_price")?;
        Ok(Self {
            count_order_id,
            count_distinct_order_id,
            count_product_id,
            count_distinct_product_id,
            count_quantity,
            count_distinct_quantity,
            sum_quantity,
            avg_quantity,
            min_quantity,
            max_quantity,
            count_unit_price,
            count_distinct_unit_price,
        })
    }
}
#[cfg(feature = "postgres-tokio-postgres")]
impl ::ruprizzle::tokio_postgres::FromTokioPostgresRow for OrderItemAggregate {
    fn from_tokio_postgres_row(
        row: &::ruprizzle::tokio_postgres::Row,
    ) -> Result<Self, ::ruprizzle::Error> {
        let count_order_id = match row
            .columns()
            .iter()
            .position(|c| c.name() == "count_order_id")
        {
            Some(idx) => {
                row.try_get::<usize, Option<i64>>(idx)
                    .map_err(::ruprizzle::Error::TokioPostgres)?
            }
            None => None,
        };
        let count_distinct_order_id = match row
            .columns()
            .iter()
            .position(|c| c.name() == "count_distinct_order_id")
        {
            Some(idx) => {
                row.try_get::<usize, Option<i64>>(idx)
                    .map_err(::ruprizzle::Error::TokioPostgres)?
            }
            None => None,
        };
        let count_product_id = match row
            .columns()
            .iter()
            .position(|c| c.name() == "count_product_id")
        {
            Some(idx) => {
                row.try_get::<usize, Option<i64>>(idx)
                    .map_err(::ruprizzle::Error::TokioPostgres)?
            }
            None => None,
        };
        let count_distinct_product_id = match row
            .columns()
            .iter()
            .position(|c| c.name() == "count_distinct_product_id")
        {
            Some(idx) => {
                row.try_get::<usize, Option<i64>>(idx)
                    .map_err(::ruprizzle::Error::TokioPostgres)?
            }
            None => None,
        };
        let count_quantity = match row
            .columns()
            .iter()
            .position(|c| c.name() == "count_quantity")
        {
            Some(idx) => {
                row.try_get::<usize, Option<i64>>(idx)
                    .map_err(::ruprizzle::Error::TokioPostgres)?
            }
            None => None,
        };
        let count_distinct_quantity = match row
            .columns()
            .iter()
            .position(|c| c.name() == "count_distinct_quantity")
        {
            Some(idx) => {
                row.try_get::<usize, Option<i64>>(idx)
                    .map_err(::ruprizzle::Error::TokioPostgres)?
            }
            None => None,
        };
        let sum_quantity = match row
            .columns()
            .iter()
            .position(|c| c.name() == "sum_quantity")
        {
            Some(idx) => {
                row.try_get::<usize, Option<i64>>(idx)
                    .map_err(::ruprizzle::Error::TokioPostgres)?
            }
            None => None,
        };
        let avg_quantity = match row
            .columns()
            .iter()
            .position(|c| c.name() == "avg_quantity")
        {
            Some(idx) => {
                row.try_get::<usize, Option<f64>>(idx)
                    .map_err(::ruprizzle::Error::TokioPostgres)?
            }
            None => None,
        };
        let min_quantity = match row
            .columns()
            .iter()
            .position(|c| c.name() == "min_quantity")
        {
            Some(idx) => {
                row.try_get::<usize, Option<i32>>(idx)
                    .map_err(::ruprizzle::Error::TokioPostgres)?
            }
            None => None,
        };
        let max_quantity = match row
            .columns()
            .iter()
            .position(|c| c.name() == "max_quantity")
        {
            Some(idx) => {
                row.try_get::<usize, Option<i32>>(idx)
                    .map_err(::ruprizzle::Error::TokioPostgres)?
            }
            None => None,
        };
        let count_unit_price = match row
            .columns()
            .iter()
            .position(|c| c.name() == "count_unit_price")
        {
            Some(idx) => {
                row.try_get::<usize, Option<i64>>(idx)
                    .map_err(::ruprizzle::Error::TokioPostgres)?
            }
            None => None,
        };
        let count_distinct_unit_price = match row
            .columns()
            .iter()
            .position(|c| c.name() == "count_distinct_unit_price")
        {
            Some(idx) => {
                row.try_get::<usize, Option<i64>>(idx)
                    .map_err(::ruprizzle::Error::TokioPostgres)?
            }
            None => None,
        };
        Ok(Self {
            count_order_id,
            count_distinct_order_id,
            count_product_id,
            count_distinct_product_id,
            count_quantity,
            count_distinct_quantity,
            sum_quantity,
            avg_quantity,
            min_quantity,
            max_quantity,
            count_unit_price,
            count_distinct_unit_price,
        })
    }
}
impl ::ruprizzle::Model for OrderItem {
    const TABLE: &'static str = "order_items";
    const PRIMARY_KEY: &'static str = "order_id";
    const COLUMNS: &'static [&'static str] = &[
        "order_id",
        "product_id",
        "quantity",
        "unit_price",
    ];
}
/// Table name for this model.
pub const TABLE: &str = "order_items";
pub const ORDER_ID: Column<OrderItem, Uuid> = Column::new("order_items", "order_id");
pub const PRODUCT_ID: Column<OrderItem, Uuid> = Column::new("order_items", "product_id");
pub const QUANTITY: Column<OrderItem, i32> = Column::new("order_items", "quantity");
pub const UNIT_PRICE: Column<OrderItem, Decimal> = Column::new(
    "order_items",
    "unit_price",
);
/// Returns an `IncludeOne` for this relation.
pub fn order() -> ::ruprizzle::IncludeOne<
    'static,
    OrderItem,
    super::order::Order,
    Uuid,
    (),
> {
    ::ruprizzle::IncludeOne::new(
        |__row| __row.order_id,
        |__row, __loaded| __row.order = __loaded,
        super::order::ID,
        |__child| __child.id,
    )
}
/// Returns an `IncludeOne` for this relation.
pub fn product() -> ::ruprizzle::IncludeOne<
    'static,
    OrderItem,
    super::product::Product,
    Uuid,
    (),
> {
    ::ruprizzle::IncludeOne::new(
        |__row| __row.product_id,
        |__row, __loaded| __row.product = __loaded,
        super::product::ID,
        |__child| __child.id,
    )
}
/// Returns a filter for parents that have at least one matching child.
pub fn order_some(
    f: ::ruprizzle::Filter<super::order::Order>,
) -> ::ruprizzle::Filter<OrderItem> {
    ::ruprizzle::Filter::new(::ruprizzle::FilterNode::Exists {
        child_table: "orders",
        child_col: "id",
        parent_table: "order_items",
        parent_col: "order_id",
        filter: Box::new(f.node),
        negated: false,
    })
}
/// Returns a filter for parents that have no matching child.
pub fn order_none(
    f: ::ruprizzle::Filter<super::order::Order>,
) -> ::ruprizzle::Filter<OrderItem> {
    ::ruprizzle::Filter::new(::ruprizzle::FilterNode::Exists {
        child_table: "orders",
        child_col: "id",
        parent_table: "order_items",
        parent_col: "order_id",
        filter: Box::new(f.node),
        negated: true,
    })
}
/// Returns a filter for parents where every matching child satisfies `f`.
/// Vacuously true for parents with no children.
pub fn order_every(
    f: ::ruprizzle::Filter<super::order::Order>,
) -> ::ruprizzle::Filter<OrderItem> {
    ::ruprizzle::Filter::new(::ruprizzle::FilterNode::Exists {
        child_table: "orders",
        child_col: "id",
        parent_table: "order_items",
        parent_col: "order_id",
        filter: Box::new((!f).node),
        negated: true,
    })
}
/// Returns a filter for parents that have at least one matching child.
pub fn product_some(
    f: ::ruprizzle::Filter<super::product::Product>,
) -> ::ruprizzle::Filter<OrderItem> {
    ::ruprizzle::Filter::new(::ruprizzle::FilterNode::Exists {
        child_table: "products",
        child_col: "id",
        parent_table: "order_items",
        parent_col: "product_id",
        filter: Box::new(f.node),
        negated: false,
    })
}
/// Returns a filter for parents that have no matching child.
pub fn product_none(
    f: ::ruprizzle::Filter<super::product::Product>,
) -> ::ruprizzle::Filter<OrderItem> {
    ::ruprizzle::Filter::new(::ruprizzle::FilterNode::Exists {
        child_table: "products",
        child_col: "id",
        parent_table: "order_items",
        parent_col: "product_id",
        filter: Box::new(f.node),
        negated: true,
    })
}
/// Returns a filter for parents where every matching child satisfies `f`.
/// Vacuously true for parents with no children.
pub fn product_every(
    f: ::ruprizzle::Filter<super::product::Product>,
) -> ::ruprizzle::Filter<OrderItem> {
    ::ruprizzle::Filter::new(::ruprizzle::FilterNode::Exists {
        child_table: "products",
        child_col: "id",
        parent_table: "order_items",
        parent_col: "product_id",
        filter: Box::new((!f).node),
        negated: true,
    })
}
/// Prisma-flavoured repository for `#model_name`.
#[derive(Debug, Clone, Copy)]
pub struct OrderItemRepo<'a> {
    db: &'a super::Db,
}
impl<'a> OrderItemRepo<'a> {
    /// Creates a new repository handle.
    pub(crate) fn new(db: &'a super::Db) -> Self {
        Self { db }
    }
    /// Start a `find_many` query.
    pub fn find_many(&self) -> ::ruprizzle::SelectQuery<'a, OrderItem> {
        ::ruprizzle::SelectQuery::new(self.db.raw_pool())
    }
    /// Start an `insert` query.
    pub fn create(
        &self,
        _data: OrderItemInsert,
    ) -> ::ruprizzle::InsertQuery<'a, OrderItem> {
        let mut insert = ::ruprizzle::InsertQuery::new(self.db.raw_pool());
        insert = insert.set(ORDER_ID, _data.order_id);
        insert = insert.set(PRODUCT_ID, _data.product_id);
        insert = insert.set_optional(QUANTITY, _data.quantity);
        insert = insert.set(UNIT_PRICE, _data.unit_price);
        insert
    }
    /// Start a multi-row `insert` query.
    pub fn create_many(
        &self,
        _data: Vec<OrderItemInsert>,
    ) -> ::ruprizzle::InsertManyQuery<'a, OrderItem> {
        let mut q = ::ruprizzle::InsertManyQuery::new(self.db.raw_pool());
        for _row in _data {
            q = q
                .row([
                    ("order_id", ::ruprizzle::Encodable::to_value(&_row.order_id)),
                    ("product_id", ::ruprizzle::Encodable::to_value(&_row.product_id)),
                    ("quantity", ::ruprizzle::Encodable::to_value(&_row.quantity)),
                    ("unit_price", ::ruprizzle::Encodable::to_value(&_row.unit_price)),
                ]);
        }
        q
    }
    /// Start an `update` query.
    pub fn update(&self) -> ::ruprizzle::UpdateQuery<'a, OrderItem> {
        ::ruprizzle::UpdateQuery::new(self.db.raw_pool())
    }
    /// Start a `delete` query.
    pub fn delete(&self) -> ::ruprizzle::DeleteQuery<'a, OrderItem> {
        ::ruprizzle::DeleteQuery::new(self.db.raw_pool())
    }
}
