---
source: crates/codegen/tests/snapshots.rs
expression: content
---
#![allow(clippy::all, clippy::pedantic, unused_imports)]
/// Schema hash, used to detect stale generated code.
pub const SCHEMA_HASH: &str = "70e12a99e7c33f6179edb8451ced1c2b9f0b2f21bb6df03faf4a452aeb20688f";
/// ruprizzle version that generated this code.
pub const RUPRIZZLE_VERSION: &str = "0.4.0-beta.2";
