---
source: crates/codegen/tests/snapshots.rs
expression: content
---
#![allow(clippy::all, clippy::pedantic, unused_imports)]
/// Schema hash, used to detect stale generated code.
pub const SCHEMA_HASH: &str = "987475372d8d985bfddc0585db937ff2502cee3d8007a8a1b1b05394a030eee0";
/// ruprizzle version that generated this code.
pub const RUPRIZZLE_VERSION: &str = "1.0.0";
