---
source: crates/codegen/tests/snapshots.rs
expression: content
---
#![allow(clippy::all, clippy::pedantic, unused_imports)]
use ::ruprizzle::serde::{Deserialize, Serialize};
use ::ruprizzle::sqlx::any::AnyRow;
use ::ruprizzle::types::chrono::{DateTime, NaiveDate, NaiveTime, Utc};
use ::ruprizzle::types::{Decimal, Uuid};
use ::ruprizzle::serde_json::Value as JsonValue;
use ::ruprizzle::Related;
use ::ruprizzle::Column;
///An article, published or not.
#[derive(Debug, Clone, PartialEq, Serialize, Deserialize)]
#[serde(crate = "::ruprizzle::serde")]
pub struct Post {
    pub id: Uuid,
    pub title: String,
    pub body: Option<String>,
    pub published: bool,
    pub author_id: Uuid,
    #[serde(skip_serializing_if = "::ruprizzle::Related::is_absent", default)]
    pub author: ::ruprizzle::Related<Option<super::user::User>>,
    pub created_at: DateTime<Utc>,
}
impl<'r> ::ruprizzle::sqlx::FromRow<'r, AnyRow> for Post {
    fn from_row(row: &'r AnyRow) -> Result<Self, ::ruprizzle::sqlx::Error> {
        Ok(Self {
            id: ::ruprizzle::decode::text_idx(row, 0)?,
            title: ::ruprizzle::decode::direct_idx(row, 1)?,
            body: ::ruprizzle::decode::direct_opt_idx(row, 2)?,
            published: ::ruprizzle::decode::boolean_idx(row, 3)?,
            author_id: ::ruprizzle::decode::text_idx(row, 4)?,
            author: ::ruprizzle::Related::default(),
            created_at: ::ruprizzle::decode::text_idx(row, 5)?,
        })
    }
}
impl<'r> ::ruprizzle::sqlx::FromRow<'r, ::ruprizzle::sqlx::postgres::PgRow> for Post {
    fn from_row(
        row: &'r ::ruprizzle::sqlx::postgres::PgRow,
    ) -> Result<Self, ::ruprizzle::sqlx::Error> {
        Ok(Self {
            id: ::ruprizzle::decode::text_idx(row, 0)?,
            title: ::ruprizzle::decode::direct_idx(row, 1)?,
            body: ::ruprizzle::decode::direct_opt_idx(row, 2)?,
            published: ::ruprizzle::decode::boolean_idx(row, 3)?,
            author_id: ::ruprizzle::decode::text_idx(row, 4)?,
            author: ::ruprizzle::Related::default(),
            created_at: ::ruprizzle::decode::text_idx(row, 5)?,
        })
    }
}
impl<'r> ::ruprizzle::sqlx::FromRow<'r, ::ruprizzle::sqlx::sqlite::SqliteRow> for Post {
    fn from_row(
        row: &'r ::ruprizzle::sqlx::sqlite::SqliteRow,
    ) -> Result<Self, ::ruprizzle::sqlx::Error> {
        Ok(Self {
            id: ::ruprizzle::decode::text_idx(row, 0)?,
            title: ::ruprizzle::decode::direct_idx(row, 1)?,
            body: ::ruprizzle::decode::direct_opt_idx(row, 2)?,
            published: ::ruprizzle::decode::boolean_idx(row, 3)?,
            author_id: ::ruprizzle::decode::text_idx(row, 4)?,
            author: ::ruprizzle::Related::default(),
            created_at: ::ruprizzle::decode::text_idx(row, 5)?,
        })
    }
}
impl<'r> ::ruprizzle::sqlx::FromRow<'r, ::ruprizzle::sqlx::mysql::MySqlRow> for Post {
    fn from_row(
        row: &'r ::ruprizzle::sqlx::mysql::MySqlRow,
    ) -> Result<Self, ::ruprizzle::sqlx::Error> {
        Ok(Self {
            id: ::ruprizzle::decode::text_idx(row, 0)?,
            title: ::ruprizzle::decode::direct_idx(row, 1)?,
            body: ::ruprizzle::decode::direct_opt_idx(row, 2)?,
            published: ::ruprizzle::decode::boolean_idx(row, 3)?,
            author_id: ::ruprizzle::decode::text_idx(row, 4)?,
            author: ::ruprizzle::Related::default(),
            created_at: ::ruprizzle::decode::text_idx(row, 5)?,
        })
    }
}
#[cfg(feature = "sqlite-rusqlite")]
impl ::ruprizzle::rusqlite::FromRusqliteRow for Post {
    fn from_rusqlite_row(
        row: &::ruprizzle::rusqlite::RusqliteRow,
    ) -> Result<Self, ::ruprizzle::Error> {
        Ok(Self {
            id: ::ruprizzle::rusqlite::parse::<Uuid>(row, 0)?,
            title: ::ruprizzle::rusqlite::get_text(row, 1)?,
            body: ::ruprizzle::rusqlite::get_text_opt(row, 2)?,
            published: ::ruprizzle::rusqlite::get_bool(row, 3)?,
            author_id: ::ruprizzle::rusqlite::parse::<Uuid>(row, 4)?,
            author: ::ruprizzle::Related::default(),
            created_at: ::ruprizzle::rusqlite::parse::<DateTime<Utc>>(row, 5)?,
        })
    }
}
#[cfg(feature = "sqlite-rusqlite")]
impl ::ruprizzle::rusqlite::FromOwnedRow for Post {
    fn from_owned_row(
        row: &::ruprizzle::rusqlite::Row,
    ) -> Result<Self, ::ruprizzle::Error> {
        Ok(Self {
            id: ::ruprizzle::rusqlite::Row::get::<Uuid>(row, 0)?,
            title: ::ruprizzle::rusqlite::Row::get::<String>(row, 1)?,
            body: ::ruprizzle::rusqlite::Row::get::<Option<String>>(row, 2)?,
            published: ::ruprizzle::rusqlite::Row::get::<bool>(row, 3)?,
            author_id: ::ruprizzle::rusqlite::Row::get::<Uuid>(row, 4)?,
            author: ::ruprizzle::Related::default(),
            created_at: ::ruprizzle::rusqlite::Row::get::<DateTime<Utc>>(row, 5)?,
        })
    }
}
#[cfg(feature = "postgres-tokio-postgres")]
impl ::ruprizzle::tokio_postgres::FromTokioPostgresRow for Post {
    fn from_tokio_postgres_row(
        row: &::ruprizzle::tokio_postgres::Row,
    ) -> Result<Self, ::ruprizzle::Error> {
        Ok(Self {
            id: row
                .try_get::<usize, Uuid>(0)
                .map_err(::ruprizzle::Error::TokioPostgres)?,
            title: row
                .try_get::<usize, String>(1)
                .map_err(::ruprizzle::Error::TokioPostgres)?,
            body: row
                .try_get::<usize, Option<String>>(2)
                .map_err(::ruprizzle::Error::TokioPostgres)?,
            published: row
                .try_get::<usize, bool>(3)
                .map_err(::ruprizzle::Error::TokioPostgres)?,
            author_id: row
                .try_get::<usize, Uuid>(4)
                .map_err(::ruprizzle::Error::TokioPostgres)?,
            author: ::ruprizzle::Related::default(),
            created_at: row
                .try_get::<usize, DateTime<Utc>>(5)
                .map_err(::ruprizzle::Error::TokioPostgres)?,
        })
    }
}
/// Insert shape: required fields are required, defaulted/optional fields
/// are `Option` so the database can fill them in.
#[derive(Debug, Clone, Serialize, Deserialize)]
#[serde(crate = "::ruprizzle::serde")]
pub struct PostInsert {
    #[serde(default, skip_serializing_if = "Option::is_none")]
    pub id: Option<Uuid>,
    pub title: String,
    #[serde(default, skip_serializing_if = "Option::is_none")]
    pub body: Option<String>,
    #[serde(default, skip_serializing_if = "Option::is_none")]
    pub published: Option<bool>,
    pub author_id: Uuid,
    #[serde(default, skip_serializing_if = "Option::is_none")]
    pub created_at: Option<DateTime<Utc>>,
}
/// Update shape: every field is `Option` to support explicit nulls.
#[derive(Debug, Clone, Default, Serialize, Deserialize)]
#[serde(crate = "::ruprizzle::serde")]
pub struct PostUpdate {
    #[serde(default, skip_serializing_if = "Option::is_none")]
    pub id: Option<Uuid>,
    #[serde(default, skip_serializing_if = "Option::is_none")]
    pub title: Option<String>,
    #[serde(default, skip_serializing_if = "Option::is_none")]
    pub body: Option<Option<String>>,
    #[serde(default, skip_serializing_if = "Option::is_none")]
    pub published: Option<bool>,
    #[serde(default, skip_serializing_if = "Option::is_none")]
    pub author_id: Option<Uuid>,
    #[serde(default, skip_serializing_if = "Option::is_none")]
    pub created_at: Option<DateTime<Utc>>,
}
impl ::ruprizzle::Model for Post {
    const TABLE: &'static str = "posts";
    const PRIMARY_KEY: &'static str = "id";
    const COLUMNS: &'static [&'static str] = &[
        "id",
        "title",
        "body",
        "published",
        "author_id",
        "created_at",
    ];
}
/// Table name for this model.
pub const TABLE: &str = "posts";
pub const ID: Column<Post, Uuid> = Column::new("posts", "id");
pub const TITLE: Column<Post, String> = Column::new("posts", "title");
pub const BODY: Column<Post, String> = Column::new("posts", "body");
pub const PUBLISHED: Column<Post, bool> = Column::new("posts", "published");
pub const AUTHOR_ID: Column<Post, Uuid> = Column::new("posts", "author_id");
pub const CREATED_AT: Column<Post, DateTime<Utc>> = Column::new("posts", "created_at");
/// Returns an `IncludeOne` for this relation.
pub fn author() -> ::ruprizzle::IncludeOne<'static, Post, super::user::User, Uuid, ()> {
    ::ruprizzle::IncludeOne::new(
        |__row| __row.author_id,
        |__row, __loaded| __row.author = __loaded,
        super::user::ID,
        |__child| __child.id,
    )
}
/// Returns a filter for parents that have at least one matching child.
pub fn author_some(
    f: ::ruprizzle::Filter<super::user::User>,
) -> ::ruprizzle::Filter<Post> {
    ::ruprizzle::Filter::new(::ruprizzle::FilterNode::Exists {
        child_table: "users",
        child_col: "id",
        parent_table: "posts",
        parent_col: "author_id",
        filter: Box::new(f.node),
        negated: false,
    })
}
/// Returns a filter for parents that have no matching child.
pub fn author_none(
    f: ::ruprizzle::Filter<super::user::User>,
) -> ::ruprizzle::Filter<Post> {
    ::ruprizzle::Filter::new(::ruprizzle::FilterNode::Exists {
        child_table: "users",
        child_col: "id",
        parent_table: "posts",
        parent_col: "author_id",
        filter: Box::new(f.node),
        negated: true,
    })
}
/// Returns a filter for parents where every matching child satisfies `f`.
/// Vacuously true for parents with no children.
pub fn author_every(
    f: ::ruprizzle::Filter<super::user::User>,
) -> ::ruprizzle::Filter<Post> {
    ::ruprizzle::Filter::new(::ruprizzle::FilterNode::Exists {
        child_table: "users",
        child_col: "id",
        parent_table: "posts",
        parent_col: "author_id",
        filter: Box::new((!f).node),
        negated: true,
    })
}
/// Prisma-flavoured repository for `#model_name`.
#[derive(Debug, Clone, Copy)]
pub struct PostRepo<'a> {
    db: &'a super::Db,
}
impl<'a> PostRepo<'a> {
    /// Creates a new repository handle.
    pub(crate) fn new(db: &'a super::Db) -> Self {
        Self { db }
    }
    /// Start a `find_many` query.
    pub fn find_many(&self) -> ::ruprizzle::SelectQuery<'a, Post> {
        ::ruprizzle::SelectQuery::new(self.db.raw_pool())
    }
    /// Start an `insert` query.
    pub fn create(&self, _data: PostInsert) -> ::ruprizzle::InsertQuery<'a, Post> {
        let mut insert = ::ruprizzle::InsertQuery::new(self.db.raw_pool());
        insert = insert.set_optional(ID, _data.id);
        insert = insert.set(TITLE, _data.title);
        insert = insert.set_optional(BODY, _data.body);
        insert = insert.set_optional(PUBLISHED, _data.published);
        insert = insert.set(AUTHOR_ID, _data.author_id);
        insert = insert.set_optional(CREATED_AT, _data.created_at);
        insert
    }
    /// Start a multi-row `insert` query.
    pub fn create_many(
        &self,
        _data: Vec<PostInsert>,
    ) -> ::ruprizzle::InsertManyQuery<'a, Post> {
        let mut q = ::ruprizzle::InsertManyQuery::new(self.db.raw_pool());
        for _row in _data {
            q = q
                .row([
                    ("id", ::ruprizzle::Encodable::to_value(&_row.id)),
                    ("title", ::ruprizzle::Encodable::to_value(&_row.title)),
                    ("body", ::ruprizzle::Encodable::to_value(&_row.body)),
                    ("published", ::ruprizzle::Encodable::to_value(&_row.published)),
                    ("author_id", ::ruprizzle::Encodable::to_value(&_row.author_id)),
                    ("created_at", ::ruprizzle::Encodable::to_value(&_row.created_at)),
                ]);
        }
        q
    }
    /// Start an `update` query.
    pub fn update(&self) -> ::ruprizzle::UpdateQuery<'a, Post> {
        ::ruprizzle::UpdateQuery::new(self.db.raw_pool())
    }
    /// Start a `delete` query.
    pub fn delete(&self) -> ::ruprizzle::DeleteQuery<'a, Post> {
        ::ruprizzle::DeleteQuery::new(self.db.raw_pool())
    }
}
