---
source: crates/codegen/tests/snapshots.rs
expression: content
---
#![allow(clippy::all, clippy::pedantic, unused_imports)]
/// Schema hash, used to detect stale generated code.
pub const SCHEMA_HASH: &str = "4b5a325481b7c229001d14564aa6237ac09e17248e7a1ec3c7ec98a68cd3c95f";
/// ruprizzle version that generated this code.
pub const RUPRIZZLE_VERSION: &str = "1.0.0";
