---
source: crates/codegen/tests/snapshots.rs
expression: content
---
#![allow(clippy::all, clippy::pedantic, unused_imports)]
use ::ruprizzle::serde::{Deserialize, Serialize};
use ::ruprizzle::sqlx::any::AnyRow;
use ::ruprizzle::types::chrono::{DateTime, NaiveDate, NaiveTime, Utc};
use ::ruprizzle::types::{Decimal, Uuid};
use ::ruprizzle::serde_json::Value as JsonValue;
use ::ruprizzle::Related;
use ::ruprizzle::Column;
///A person, independent of any tenant they belong to.
#[derive(Debug, Clone, PartialEq, Serialize, Deserialize)]
#[serde(crate = "::ruprizzle::serde")]
pub struct Account {
    pub id: Uuid,
    pub email: String,
    pub display_name: Option<String>,
    #[serde(skip_serializing_if = "::ruprizzle::Related::is_absent", default)]
    pub memberships: ::ruprizzle::Related<Vec<super::membership::Membership>>,
    pub created_at: DateTime<Utc>,
}
impl<'r> ::ruprizzle::sqlx::FromRow<'r, AnyRow> for Account {
    fn from_row(row: &'r AnyRow) -> Result<Self, ::ruprizzle::sqlx::Error> {
        Ok(Self {
            id: ::ruprizzle::decode::text_idx(row, 0)?,
            email: ::ruprizzle::decode::direct_idx(row, 1)?,
            display_name: ::ruprizzle::decode::direct_opt_idx(row, 2)?,
            memberships: ::ruprizzle::Related::default(),
            created_at: ::ruprizzle::decode::text_idx(row, 3)?,
        })
    }
}
impl<'r> ::ruprizzle::sqlx::FromRow<'r, ::ruprizzle::sqlx::postgres::PgRow> for Account {
    fn from_row(
        row: &'r ::ruprizzle::sqlx::postgres::PgRow,
    ) -> Result<Self, ::ruprizzle::sqlx::Error> {
        Ok(Self {
            id: ::ruprizzle::decode::text_idx(row, 0)?,
            email: ::ruprizzle::decode::direct_idx(row, 1)?,
            display_name: ::ruprizzle::decode::direct_opt_idx(row, 2)?,
            memberships: ::ruprizzle::Related::default(),
            created_at: ::ruprizzle::decode::text_idx(row, 3)?,
        })
    }
}
impl<'r> ::ruprizzle::sqlx::FromRow<'r, ::ruprizzle::sqlx::sqlite::SqliteRow>
for Account {
    fn from_row(
        row: &'r ::ruprizzle::sqlx::sqlite::SqliteRow,
    ) -> Result<Self, ::ruprizzle::sqlx::Error> {
        Ok(Self {
            id: ::ruprizzle::decode::text_idx(row, 0)?,
            email: ::ruprizzle::decode::direct_idx(row, 1)?,
            display_name: ::ruprizzle::decode::direct_opt_idx(row, 2)?,
            memberships: ::ruprizzle::Related::default(),
            created_at: ::ruprizzle::decode::text_idx(row, 3)?,
        })
    }
}
impl<'r> ::ruprizzle::sqlx::FromRow<'r, ::ruprizzle::sqlx::mysql::MySqlRow> for Account {
    fn from_row(
        row: &'r ::ruprizzle::sqlx::mysql::MySqlRow,
    ) -> Result<Self, ::ruprizzle::sqlx::Error> {
        Ok(Self {
            id: ::ruprizzle::decode::text_idx(row, 0)?,
            email: ::ruprizzle::decode::direct_idx(row, 1)?,
            display_name: ::ruprizzle::decode::direct_opt_idx(row, 2)?,
            memberships: ::ruprizzle::Related::default(),
            created_at: ::ruprizzle::decode::text_idx(row, 3)?,
        })
    }
}
impl ::ruprizzle::JoinSide<AnyRow> for Account {
    fn from_offset_row<'r>(
        __offset_row: &::ruprizzle::OffsetRow<'r, AnyRow>,
    ) -> Result<Self, ::ruprizzle::sqlx::Error>
    where
        Self: Sized,
    {
        let row = __offset_row.as_raw();
        let __offset = __offset_row.offset();
        Ok(Self {
            id: ::ruprizzle::decode::text_idx(row, 0 + __offset)?,
            email: ::ruprizzle::decode::direct_idx(row, 1 + __offset)?,
            display_name: ::ruprizzle::decode::direct_opt_idx(row, 2 + __offset)?,
            memberships: ::ruprizzle::Related::default(),
            created_at: ::ruprizzle::decode::text_idx(row, 3 + __offset)?,
        })
    }
}
impl ::ruprizzle::JoinSide<::ruprizzle::sqlx::postgres::PgRow> for Account {
    fn from_offset_row<'r>(
        __offset_row: &::ruprizzle::OffsetRow<'r, ::ruprizzle::sqlx::postgres::PgRow>,
    ) -> Result<Self, ::ruprizzle::sqlx::Error>
    where
        Self: Sized,
    {
        let row = __offset_row.as_raw();
        let __offset = __offset_row.offset();
        Ok(Self {
            id: ::ruprizzle::decode::text_idx(row, 0 + __offset)?,
            email: ::ruprizzle::decode::direct_idx(row, 1 + __offset)?,
            display_name: ::ruprizzle::decode::direct_opt_idx(row, 2 + __offset)?,
            memberships: ::ruprizzle::Related::default(),
            created_at: ::ruprizzle::decode::text_idx(row, 3 + __offset)?,
        })
    }
}
impl ::ruprizzle::JoinSide<::ruprizzle::sqlx::sqlite::SqliteRow> for Account {
    fn from_offset_row<'r>(
        __offset_row: &::ruprizzle::OffsetRow<'r, ::ruprizzle::sqlx::sqlite::SqliteRow>,
    ) -> Result<Self, ::ruprizzle::sqlx::Error>
    where
        Self: Sized,
    {
        let row = __offset_row.as_raw();
        let __offset = __offset_row.offset();
        Ok(Self {
            id: ::ruprizzle::decode::text_idx(row, 0 + __offset)?,
            email: ::ruprizzle::decode::direct_idx(row, 1 + __offset)?,
            display_name: ::ruprizzle::decode::direct_opt_idx(row, 2 + __offset)?,
            memberships: ::ruprizzle::Related::default(),
            created_at: ::ruprizzle::decode::text_idx(row, 3 + __offset)?,
        })
    }
}
impl ::ruprizzle::JoinSide<::ruprizzle::sqlx::mysql::MySqlRow> for Account {
    fn from_offset_row<'r>(
        __offset_row: &::ruprizzle::OffsetRow<'r, ::ruprizzle::sqlx::mysql::MySqlRow>,
    ) -> Result<Self, ::ruprizzle::sqlx::Error>
    where
        Self: Sized,
    {
        let row = __offset_row.as_raw();
        let __offset = __offset_row.offset();
        Ok(Self {
            id: ::ruprizzle::decode::text_idx(row, 0 + __offset)?,
            email: ::ruprizzle::decode::direct_idx(row, 1 + __offset)?,
            display_name: ::ruprizzle::decode::direct_opt_idx(row, 2 + __offset)?,
            memberships: ::ruprizzle::Related::default(),
            created_at: ::ruprizzle::decode::text_idx(row, 3 + __offset)?,
        })
    }
}
#[cfg(feature = "sqlite-rusqlite")]
impl ::ruprizzle::rusqlite::FromRusqliteRow for Account {
    fn from_rusqlite_row(
        row: &::ruprizzle::rusqlite::RusqliteRow,
    ) -> Result<Self, ::ruprizzle::Error> {
        Ok(Self {
            id: ::ruprizzle::rusqlite::parse::<Uuid>(row, 0)?,
            email: ::ruprizzle::rusqlite::get_text(row, 1)?,
            display_name: ::ruprizzle::rusqlite::get_text_opt(row, 2)?,
            memberships: ::ruprizzle::Related::default(),
            created_at: ::ruprizzle::rusqlite::parse::<DateTime<Utc>>(row, 3)?,
        })
    }
}
#[cfg(feature = "sqlite-rusqlite")]
impl ::ruprizzle::rusqlite::FromOwnedRow for Account {
    fn from_owned_row(
        row: &::ruprizzle::rusqlite::Row,
    ) -> Result<Self, ::ruprizzle::Error> {
        Ok(Self {
            id: ::ruprizzle::rusqlite::Row::get::<Uuid>(row, 0)?,
            email: ::ruprizzle::rusqlite::Row::get::<String>(row, 1)?,
            display_name: ::ruprizzle::rusqlite::Row::get::<Option<String>>(row, 2)?,
            memberships: ::ruprizzle::Related::default(),
            created_at: ::ruprizzle::rusqlite::Row::get::<DateTime<Utc>>(row, 3)?,
        })
    }
}
#[cfg(feature = "postgres-tokio-postgres")]
impl ::ruprizzle::tokio_postgres::FromTokioPostgresRow for Account {
    fn from_tokio_postgres_row(
        row: &::ruprizzle::tokio_postgres::Row,
    ) -> Result<Self, ::ruprizzle::Error> {
        Ok(Self {
            id: row
                .try_get::<usize, Uuid>(0)
                .map_err(::ruprizzle::Error::TokioPostgres)?,
            email: row
                .try_get::<usize, String>(1)
                .map_err(::ruprizzle::Error::TokioPostgres)?,
            display_name: row
                .try_get::<usize, Option<String>>(2)
                .map_err(::ruprizzle::Error::TokioPostgres)?,
            memberships: ::ruprizzle::Related::default(),
            created_at: row
                .try_get::<usize, DateTime<Utc>>(3)
                .map_err(::ruprizzle::Error::TokioPostgres)?,
        })
    }
}
/// Insert shape: required fields are required, defaulted/optional fields
/// are `Option` so the database can fill them in.
#[derive(Debug, Clone, Serialize, Deserialize)]
#[serde(crate = "::ruprizzle::serde")]
pub struct AccountInsert {
    #[serde(default, skip_serializing_if = "Option::is_none")]
    pub id: Option<Uuid>,
    pub email: String,
    #[serde(default, skip_serializing_if = "Option::is_none")]
    pub display_name: Option<String>,
    #[serde(default, skip_serializing_if = "Option::is_none")]
    pub created_at: Option<DateTime<Utc>>,
}
/// Update shape: every field is `Option` to support explicit nulls.
#[derive(Debug, Clone, Default, Serialize, Deserialize)]
#[serde(crate = "::ruprizzle::serde")]
pub struct AccountUpdate {
    #[serde(default, skip_serializing_if = "Option::is_none")]
    pub id: Option<Uuid>,
    #[serde(default, skip_serializing_if = "Option::is_none")]
    pub email: Option<String>,
    #[serde(default, skip_serializing_if = "Option::is_none")]
    pub display_name: Option<Option<String>>,
    #[serde(default, skip_serializing_if = "Option::is_none")]
    pub created_at: Option<DateTime<Utc>>,
}
#[derive(
    Debug,
    Clone,
    Default,
    PartialEq,
    Serialize,
    Deserialize,
    ::ruprizzle::sqlx::FromRow
)]
#[serde(crate = "::ruprizzle::serde", default)]
pub struct AccountAggregate {
    #[sqlx(default)]
    pub count_id: Option<i64>,
    #[sqlx(default)]
    pub count_distinct_id: Option<i64>,
    #[sqlx(default)]
    pub count_email: Option<i64>,
    #[sqlx(default)]
    pub count_distinct_email: Option<i64>,
    #[sqlx(default)]
    pub count_display_name: Option<i64>,
    #[sqlx(default)]
    pub count_distinct_display_name: Option<i64>,
    #[sqlx(default)]
    pub count_created_at: Option<i64>,
    #[sqlx(default)]
    pub count_distinct_created_at: Option<i64>,
}
#[derive(Debug, Clone, Default)]
pub struct AccountAggregateInput {
    pub count_id: Option<::ruprizzle::Aggregate<Account, i64>>,
    pub count_distinct_id: Option<::ruprizzle::Aggregate<Account, i64>>,
    pub count_email: Option<::ruprizzle::Aggregate<Account, i64>>,
    pub count_distinct_email: Option<::ruprizzle::Aggregate<Account, i64>>,
    pub count_display_name: Option<::ruprizzle::Aggregate<Account, i64>>,
    pub count_distinct_display_name: Option<::ruprizzle::Aggregate<Account, i64>>,
    pub count_created_at: Option<::ruprizzle::Aggregate<Account, i64>>,
    pub count_distinct_created_at: Option<::ruprizzle::Aggregate<Account, i64>>,
}
impl ::ruprizzle::AggregateSet<Account, AccountAggregate> for AccountAggregateInput {
    fn push_entries(&self, out: &mut Vec<::ruprizzle::AggregateEntry>) {
        use ::ruprizzle::IntoAggregate;
        if let Some(a) = &self.count_id {
            a.push_entry(out);
        }
        if let Some(a) = &self.count_distinct_id {
            a.push_entry(out);
        }
        if let Some(a) = &self.count_email {
            a.push_entry(out);
        }
        if let Some(a) = &self.count_distinct_email {
            a.push_entry(out);
        }
        if let Some(a) = &self.count_display_name {
            a.push_entry(out);
        }
        if let Some(a) = &self.count_distinct_display_name {
            a.push_entry(out);
        }
        if let Some(a) = &self.count_created_at {
            a.push_entry(out);
        }
        if let Some(a) = &self.count_distinct_created_at {
            a.push_entry(out);
        }
    }
}
#[cfg(feature = "sqlite-rusqlite")]
impl ::ruprizzle::rusqlite::FromRusqliteRow for AccountAggregate {
    fn from_rusqlite_row(
        row: &::ruprizzle::rusqlite::RusqliteRow,
    ) -> Result<Self, ::ruprizzle::Error> {
        let count_id = match row.get::<_, Option<i64>>("count_id") {
            Ok(v) => v,
            Err(::ruprizzle::rusqlite::Error::InvalidColumnName(_)) => None,
            Err(e) => return Err(::ruprizzle::Error::Message(e.to_string())),
        };
        let count_distinct_id = match row.get::<_, Option<i64>>("count_distinct_id") {
            Ok(v) => v,
            Err(::ruprizzle::rusqlite::Error::InvalidColumnName(_)) => None,
            Err(e) => return Err(::ruprizzle::Error::Message(e.to_string())),
        };
        let count_email = match row.get::<_, Option<i64>>("count_email") {
            Ok(v) => v,
            Err(::ruprizzle::rusqlite::Error::InvalidColumnName(_)) => None,
            Err(e) => return Err(::ruprizzle::Error::Message(e.to_string())),
        };
        let count_distinct_email = match row
            .get::<_, Option<i64>>("count_distinct_email")
        {
            Ok(v) => v,
            Err(::ruprizzle::rusqlite::Error::InvalidColumnName(_)) => None,
            Err(e) => return Err(::ruprizzle::Error::Message(e.to_string())),
        };
        let count_display_name = match row.get::<_, Option<i64>>("count_display_name") {
            Ok(v) => v,
            Err(::ruprizzle::rusqlite::Error::InvalidColumnName(_)) => None,
            Err(e) => return Err(::ruprizzle::Error::Message(e.to_string())),
        };
        let count_distinct_display_name = match row
            .get::<_, Option<i64>>("count_distinct_display_name")
        {
            Ok(v) => v,
            Err(::ruprizzle::rusqlite::Error::InvalidColumnName(_)) => None,
            Err(e) => return Err(::ruprizzle::Error::Message(e.to_string())),
        };
        let count_created_at = match row.get::<_, Option<i64>>("count_created_at") {
            Ok(v) => v,
            Err(::ruprizzle::rusqlite::Error::InvalidColumnName(_)) => None,
            Err(e) => return Err(::ruprizzle::Error::Message(e.to_string())),
        };
        let count_distinct_created_at = match row
            .get::<_, Option<i64>>("count_distinct_created_at")
        {
            Ok(v) => v,
            Err(::ruprizzle::rusqlite::Error::InvalidColumnName(_)) => None,
            Err(e) => return Err(::ruprizzle::Error::Message(e.to_string())),
        };
        Ok(Self {
            count_id,
            count_distinct_id,
            count_email,
            count_distinct_email,
            count_display_name,
            count_distinct_display_name,
            count_created_at,
            count_distinct_created_at,
        })
    }
}
#[cfg(feature = "sqlite-rusqlite")]
impl ::ruprizzle::rusqlite::FromOwnedRow for AccountAggregate {
    fn from_owned_row(
        row: &::ruprizzle::rusqlite::Row,
    ) -> Result<Self, ::ruprizzle::Error> {
        let count_id = row.get_by_name::<Option<i64>>("count_id")?;
        let count_distinct_id = row.get_by_name::<Option<i64>>("count_distinct_id")?;
        let count_email = row.get_by_name::<Option<i64>>("count_email")?;
        let count_distinct_email = row
            .get_by_name::<Option<i64>>("count_distinct_email")?;
        let count_display_name = row.get_by_name::<Option<i64>>("count_display_name")?;
        let count_distinct_display_name = row
            .get_by_name::<Option<i64>>("count_distinct_display_name")?;
        let count_created_at = row.get_by_name::<Option<i64>>("count_created_at")?;
        let count_distinct_created_at = row
            .get_by_name::<Option<i64>>("count_distinct_created_at")?;
        Ok(Self {
            count_id,
            count_distinct_id,
            count_email,
            count_distinct_email,
            count_display_name,
            count_distinct_display_name,
            count_created_at,
            count_distinct_created_at,
        })
    }
}
#[cfg(feature = "postgres-tokio-postgres")]
impl ::ruprizzle::tokio_postgres::FromTokioPostgresRow for AccountAggregate {
    fn from_tokio_postgres_row(
        row: &::ruprizzle::tokio_postgres::Row,
    ) -> Result<Self, ::ruprizzle::Error> {
        let count_id = match row.columns().iter().position(|c| c.name() == "count_id") {
            Some(idx) => {
                row.try_get::<usize, Option<i64>>(idx)
                    .map_err(::ruprizzle::Error::TokioPostgres)?
            }
            None => None,
        };
        let count_distinct_id = match row
            .columns()
            .iter()
            .position(|c| c.name() == "count_distinct_id")
        {
            Some(idx) => {
                row.try_get::<usize, Option<i64>>(idx)
                    .map_err(::ruprizzle::Error::TokioPostgres)?
            }
            None => None,
        };
        let count_email = match row
            .columns()
            .iter()
            .position(|c| c.name() == "count_email")
        {
            Some(idx) => {
                row.try_get::<usize, Option<i64>>(idx)
                    .map_err(::ruprizzle::Error::TokioPostgres)?
            }
            None => None,
        };
        let count_distinct_email = match row
            .columns()
            .iter()
            .position(|c| c.name() == "count_distinct_email")
        {
            Some(idx) => {
                row.try_get::<usize, Option<i64>>(idx)
                    .map_err(::ruprizzle::Error::TokioPostgres)?
            }
            None => None,
        };
        let count_display_name = match row
            .columns()
            .iter()
            .position(|c| c.name() == "count_display_name")
        {
            Some(idx) => {
                row.try_get::<usize, Option<i64>>(idx)
                    .map_err(::ruprizzle::Error::TokioPostgres)?
            }
            None => None,
        };
        let count_distinct_display_name = match row
            .columns()
            .iter()
            .position(|c| c.name() == "count_distinct_display_name")
        {
            Some(idx) => {
                row.try_get::<usize, Option<i64>>(idx)
                    .map_err(::ruprizzle::Error::TokioPostgres)?
            }
            None => None,
        };
        let count_created_at = match row
            .columns()
            .iter()
            .position(|c| c.name() == "count_created_at")
        {
            Some(idx) => {
                row.try_get::<usize, Option<i64>>(idx)
                    .map_err(::ruprizzle::Error::TokioPostgres)?
            }
            None => None,
        };
        let count_distinct_created_at = match row
            .columns()
            .iter()
            .position(|c| c.name() == "count_distinct_created_at")
        {
            Some(idx) => {
                row.try_get::<usize, Option<i64>>(idx)
                    .map_err(::ruprizzle::Error::TokioPostgres)?
            }
            None => None,
        };
        Ok(Self {
            count_id,
            count_distinct_id,
            count_email,
            count_distinct_email,
            count_display_name,
            count_distinct_display_name,
            count_created_at,
            count_distinct_created_at,
        })
    }
}
impl ::ruprizzle::Model for Account {
    const TABLE: &'static str = "accounts";
    const PRIMARY_KEY: &'static str = "id";
    const COLUMNS: &'static [&'static str] = &[
        "id",
        "email",
        "display_name",
        "created_at",
    ];
}
/// Table name for this model.
pub const TABLE: &str = "accounts";
pub const ID: Column<Account, Uuid> = Column::new("accounts", "id");
pub const EMAIL: Column<Account, String> = Column::new("accounts", "email");
pub const DISPLAY_NAME: Column<Account, String> = Column::new(
    "accounts",
    "display_name",
);
pub const CREATED_AT: Column<Account, DateTime<Utc>> = Column::new(
    "accounts",
    "created_at",
);
/// Returns an `IncludeList` for this relation.
pub fn memberships() -> ::ruprizzle::IncludeList<
    'static,
    Account,
    super::membership::Membership,
    Uuid,
    (),
> {
    ::ruprizzle::IncludeList::new(
        |__row| __row.id,
        |__row, __loaded| __row.memberships = __loaded,
        super::membership::ACCOUNT_ID,
        |__child| __child.account_id,
    )
}
/// Returns a filter for parents that have at least one matching child.
pub fn memberships_some(
    f: ::ruprizzle::Filter<super::membership::Membership>,
) -> ::ruprizzle::Filter<Account> {
    ::ruprizzle::Filter::new(::ruprizzle::FilterNode::Exists {
        child_table: "memberships",
        child_col: "account_id",
        parent_table: "accounts",
        parent_col: "id",
        filter: Box::new(f.node),
        negated: false,
    })
}
/// Returns a filter for parents that have no matching child.
pub fn memberships_none(
    f: ::ruprizzle::Filter<super::membership::Membership>,
) -> ::ruprizzle::Filter<Account> {
    ::ruprizzle::Filter::new(::ruprizzle::FilterNode::Exists {
        child_table: "memberships",
        child_col: "account_id",
        parent_table: "accounts",
        parent_col: "id",
        filter: Box::new(f.node),
        negated: true,
    })
}
/// Returns a filter for parents where every matching child satisfies `f`.
/// Vacuously true for parents with no children.
pub fn memberships_every(
    f: ::ruprizzle::Filter<super::membership::Membership>,
) -> ::ruprizzle::Filter<Account> {
    ::ruprizzle::Filter::new(::ruprizzle::FilterNode::Exists {
        child_table: "memberships",
        child_col: "account_id",
        parent_table: "accounts",
        parent_col: "id",
        filter: Box::new((!f).node),
        negated: true,
    })
}
/// Prisma-flavoured repository for `#model_name`.
#[derive(Debug, Clone, Copy)]
pub struct AccountRepo<'a> {
    db: &'a super::Db,
}
impl<'a> AccountRepo<'a> {
    /// Creates a new repository handle.
    pub(crate) fn new(db: &'a super::Db) -> Self {
        Self { db }
    }
    /// Start a `find_many` query.
    pub fn find_many(&self) -> ::ruprizzle::SelectQuery<'a, Account> {
        ::ruprizzle::SelectQuery::new(self.db.raw_pool())
    }
    /// Start an `insert` query.
    pub fn create(&self, _data: AccountInsert) -> ::ruprizzle::InsertQuery<'a, Account> {
        let mut insert = ::ruprizzle::InsertQuery::new(self.db.raw_pool());
        insert = insert.set_optional(ID, _data.id);
        insert = insert.set(EMAIL, _data.email);
        insert = insert.set_optional(DISPLAY_NAME, _data.display_name);
        insert = insert.set_optional(CREATED_AT, _data.created_at);
        insert
    }
    /// Start a multi-row `insert` query.
    pub fn create_many(
        &self,
        _data: Vec<AccountInsert>,
    ) -> ::ruprizzle::InsertManyQuery<'a, Account> {
        let mut q = ::ruprizzle::InsertManyQuery::new(self.db.raw_pool());
        for _row in _data {
            q = q
                .row([
                    ("id", ::ruprizzle::Encodable::to_value(&_row.id)),
                    ("email", ::ruprizzle::Encodable::to_value(&_row.email)),
                    (
                        "display_name",
                        ::ruprizzle::Encodable::to_value(&_row.display_name),
                    ),
                    ("created_at", ::ruprizzle::Encodable::to_value(&_row.created_at)),
                ]);
        }
        q
    }
    /// Start an `update` query.
    pub fn update(&self) -> ::ruprizzle::UpdateQuery<'a, Account> {
        ::ruprizzle::UpdateQuery::new(self.db.raw_pool())
    }
    /// Start a `delete` query.
    pub fn delete(&self) -> ::ruprizzle::DeleteQuery<'a, Account> {
        ::ruprizzle::DeleteQuery::new(self.db.raw_pool())
    }
}
